Component: ARM Compiler 5.06 update 7 (build 960) Tool: armlink [4d3601]

==============================================================================

Section Cross References

    main.o(.text) refers to _printf_percent.o(.ARM.Collect$$_printf_percent$$00000000) for _printf_percent
    main.o(.text) refers to _printf_d.o(.ARM.Collect$$_printf_percent$$00000009) for _printf_d
    main.o(.text) refers to _printf_s.o(.ARM.Collect$$_printf_percent$$00000014) for _printf_s
    main.o(.text) refers to _printf_dec.o(.text) for _printf_int_dec
    main.o(.text) refers to _printf_str.o(.text) for _printf_str
    main.o(.text) refers to _printf_u.o(.ARM.Collect$$_printf_percent$$0000000A) for _printf_u
    main.o(.text) refers to _printf_pad.o(.text) for _printf_pre_padding
    main.o(.text) refers to _printf_x.o(.ARM.Collect$$_printf_percent$$0000000C) for _printf_x
    main.o(.text) refers to _printf_hex_int.o(.text) for _printf_longlong_hex
    main.o(.text) refers to malloc.o(.text) for mymalloc
    main.o(.text) refers to noretval__2printf.o(.text) for __2printf
    main.o(.text) refers to lcd.o(.text) for LCD_ShowString
    main.o(.text) refers to ff.o(.text) for f_open
    main.o(.text) refers to iap.o(.text) for IAP_EraseFlash
    main.o(.text) refers to delay.o(.text) for delay_ms
    main.o(.text) refers to misc.o(.text) for NVIC_PriorityGroupConfig
    main.o(.text) refers to usart.o(.text) for uart_init
    main.o(.text) refers to led.o(.text) for LED_Init
    main.o(.text) refers to key.o(.text) for KEY_Init
    main.o(.text) refers to mmc_sd.o(.text) for SD_GetSectorCount
    main.o(.text) refers to main.o(.bss) for fil
    main.o(.text) refers to lcd.o(.data) for POINT_COLOR
    system_stm32f10x.o(.text) refers to system_stm32f10x.o(.data) for SystemCoreClock
    led.o(.text) refers to stm32f10x_rcc.o(.text) for RCC_APB2PeriphClockCmd
    led.o(.text) refers to stm32f10x_gpio.o(.text) for GPIO_Init
    lcd.o(.text) refers to _printf_percent.o(.ARM.Collect$$_printf_percent$$00000000) for _printf_percent
    lcd.o(.text) refers to _printf_x.o(.ARM.Collect$$_printf_percent$$0000000C) for _printf_x
    lcd.o(.text) refers to _printf_hex_int.o(.text) for _printf_longlong_hex
    lcd.o(.text) refers to lcd.o(.bss) for lcddev
    lcd.o(.text) refers to dflt_clz.o(x$fpl$dfltu) for __aeabi_ui2d
    lcd.o(.text) refers to dmul.o(x$fpl$dmul) for __aeabi_dmul
    lcd.o(.text) refers to dfixu.o(x$fpl$dfixu) for __aeabi_d2uiz
    lcd.o(.text) refers to lcd.o(.data) for POINT_COLOR
    lcd.o(.text) refers to stm32f10x_rcc.o(.text) for RCC_APB2PeriphClockCmd
    lcd.o(.text) refers to stm32f10x_gpio.o(.text) for GPIO_PinRemapConfig
    lcd.o(.text) refers to delay.o(.text) for delay_ms
    lcd.o(.text) refers to noretval__2printf.o(.text) for __2printf
    lcd.o(.text) refers to lcd.o(.constdata) for asc2_1206
    key.o(.text) refers to stm32f10x_rcc.o(.text) for RCC_APB2PeriphClockCmd
    key.o(.text) refers to stm32f10x_gpio.o(.text) for GPIO_PinRemapConfig
    key.o(.text) refers to delay.o(.text) for delay_ms
    key.o(.text) refers to key.o(.data) for key_up
    spi.o(.text) refers to stm32f10x_spi.o(.text) for SPI_I2S_GetFlagStatus
    spi.o(.text) refers to stm32f10x_rcc.o(.text) for RCC_APB2PeriphClockCmd
    spi.o(.text) refers to stm32f10x_gpio.o(.text) for GPIO_Init
    spi.o(.text) refers to spi.o(.bss) for SPI_InitStructure
    mmc_sd.o(.text) refers to spi.o(.text) for SPI1_ReadWriteByte
    mmc_sd.o(.text) refers to stm32f10x_rcc.o(.text) for RCC_APB2PeriphClockCmd
    mmc_sd.o(.text) refers to stm32f10x_gpio.o(.text) for GPIO_Init
    mmc_sd.o(.text) refers to mmc_sd.o(.data) for SD_Type
    diskio.o(.text) refers to mmc_sd.o(.text) for SD_Initialize
    diskio.o(.text) refers to mmc_sd.o(.data) for SD_Type
    ff.o(.text) refers to ffunicode.o(.text) for ff_oem2uni
    ff.o(.text) refers to diskio.o(.text) for disk_write
    ff.o(.text) refers to rt_memclr_w.o(.text) for __aeabi_memclr4
    ff.o(.text) refers to ff.o(.constdata) for LfnOfs
    ff.o(.text) refers to memcmp.o(.text) for memcmp
    ff.o(.text) refers to rt_memclr.o(.text) for __aeabi_memclr
    ff.o(.text) refers to strchr.o(.text) for strchr
    ff.o(.text) refers to aeabi_memset.o(.text) for __aeabi_memset
    ff.o(.text) refers to ff.o(.data) for FatFs
    ff.o(.text) refers to ff.o(.bss) for LfnBuf
    ff.o(.text) refers to rt_memcpy_v6.o(.text) for __aeabi_memcpy
    ff.o(.text) refers to rt_memcpy_w.o(.text) for __aeabi_memcpy4
    ffunicode.o(.text) refers to ffunicode.o(.constdata) for uc437
    iap.o(.text) refers to _printf_pad.o(.text) for _printf_pre_padding
    iap.o(.text) refers to _printf_percent.o(.ARM.Collect$$_printf_percent$$00000000) for _printf_percent
    iap.o(.text) refers to _printf_d.o(.ARM.Collect$$_printf_percent$$00000009) for _printf_d
    iap.o(.text) refers to _printf_x.o(.ARM.Collect$$_printf_percent$$0000000C) for _printf_x
    iap.o(.text) refers to _printf_dec.o(.text) for _printf_int_dec
[...]
    ../fplib/dfixu.s                         0x00000000   Number         0  dfixu.o ABSOLUTE
    ../fplib/dflt.s                          0x00000000   Number         0  dflt_clz.o ABSOLUTE
    ../fplib/dmul.s                          0x00000000   Number         0  dmul.o ABSOLUTE
    ../fplib/dnaninf.s                       0x00000000   Number         0  dnaninf.o ABSOLUTE
    ../fplib/dretinf.s                       0x00000000   Number         0  dretinf.o ABSOLUTE
    ../fplib/fpinit.s                        0x00000000   Number         0  fpinit.o ABSOLUTE
    ../fplib/usenofp.s                       0x00000000   Number         0  usenofp.o ABSOLUTE
    ..\CORE\core_cm3.c                       0x00000000   Number         0  core_cm3.o ABSOLUTE
    ..\CORE\startup_stm32f10x_hd.s           0x00000000   Number         0  startup_stm32f10x_hd.o ABSOLUTE
    ..\HARDWARE\FATFS\diskio.c               0x00000000   Number         0  diskio.o ABSOLUTE
    ..\HARDWARE\FATFS\ff.c                   0x00000000   Number         0  ff.o ABSOLUTE
    ..\HARDWARE\FATFS\ffsystem.c             0x00000000   Number         0  ffsystem.o ABSOLUTE
    ..\HARDWARE\FATFS\ffunicode.c            0x00000000   Number         0  ffunicode.o ABSOLUTE
    ..\HARDWARE\IAP\iap.c                    0x00000000   Number         0  iap.o ABSOLUTE
    ..\HARDWARE\KEY\key.c                    0x00000000   Number         0  key.o ABSOLUTE
    ..\HARDWARE\LCD\lcd.c                    0x00000000   Number         0  lcd.o ABSOLUTE
    ..\HARDWARE\LED\led.c                    0x00000000   Number         0  led.o ABSOLUTE
    ..\HARDWARE\SD\MMC_SD.C                  0x00000000   Number         0  mmc_sd.o ABSOLUTE
    ..\HARDWARE\SPI\spi.c                    0x00000000   Number         0  spi.o ABSOLUTE
    ..\MALLOC\malloc.c                       0x00000000   Number         0  malloc.o ABSOLUTE
    ..\STM32F10x_FWLib\src\misc.c            0x00000000   Number         0  misc.o ABSOLUTE
    ..\STM32F10x_FWLib\src\stm32f10x_flash.c 0x00000000   Number         0  stm32f10x_flash.o ABSOLUTE
    ..\STM32F10x_FWLib\src\stm32f10x_gpio.c  0x00000000   Number         0  stm32f10x_gpio.o ABSOLUTE
    ..\STM32F10x_FWLib\src\stm32f10x_rcc.c   0x00000000   Number         0  stm32f10x_rcc.o ABSOLUTE
    ..\STM32F10x_FWLib\src\stm32f10x_spi.c   0x00000000   Number         0  stm32f10x_spi.o ABSOLUTE
    ..\STM32F10x_FWLib\src\stm32f10x_usart.c 0x00000000   Number         0  stm32f10x_usart.o ABSOLUTE
    ..\SYSTEM\delay\delay.c                  0x00000000   Number         0  delay.o ABSOLUTE
    ..\SYSTEM\sys\sys.c                      0x00000000   Number         0  sys.o ABSOLUTE
    ..\SYSTEM\usart\usart.c                  0x00000000   Number         0  usart.o ABSOLUTE
    ..\\CORE\\core_cm3.c                     0x00000000   Number         0  core_cm3.o ABSOLUTE
    ..\\SYSTEM\\sys\\sys.c                   0x00000000   Number         0  sys.o ABSOLUTE
    dc.s                                     0x00000000   Number         0  dc.o ABSOLUTE
    main.c                                   0x00000000   Number         0  main.o ABSOLUTE
    stm32f10x_it.c                           0x00000000   Number         0  stm32f10x_it.o ABSOLUTE
    system_stm32f10x.c                       0x00000000   Number         0  system_stm32f10x.o ABSOLUTE
    RESET                                    0x08000000   Section      304  startup_stm32f10x_hd.o(RESET)
    !!!main                                  0x08000130   Section        8  __main.o(!!!main)
    !!!scatter                               0x08000138   Section       52  __scatter.o(!!!scatter)
    !!handler_copy                           0x0800016c   Section       26  __scatter_copy.o(!!handler_copy)
    !!handler_zi                             0x08000188   Section       28  __scatter_zi.o(!!handler_zi)
    .ARM.Collect$$_printf_percent$$00000000  0x080001a4   Section        0  _printf_percent.o(.ARM.Collect$$_printf_percent$$00000000)
    .ARM.Collect$$_printf_percent$$00000009  0x080001a4   Section        6  _printf_d.o(.ARM.Collect$$_printf_percent$$00000009)
    .ARM.Collect$$_printf_percent$$0000000A  0x080001aa   Section        6  _printf_u.o(.ARM.Collect$$_printf_percent$$0000000A)
    .ARM.Collect$$_printf_percent$$0000000C  0x080001b0   Section        6  _printf_x.o(.ARM.Collect$$_printf_percent$$0000000C)
    .ARM.Collect$$_printf_percent$$00000014  0x080001b6   Section        6  _printf_s.o(.ARM.Collect$$_printf_percent$$00000014)
    .ARM.Collect$$_printf_percent$$00000017  0x080001bc   Section        4  _printf_percent_end.o(.ARM.Collect$$_printf_percent$$00000017)
    .ARM.Collect$$libinit$$00000000          0x080001c0   Section        2  libinit.o(.ARM.Collect$$libinit$$00000000)
    .ARM.Collect$$libinit$$00000002          0x080001c2   Section        0  libinit2.o(.ARM.Collect$$libinit$$00000002)
    .ARM.Collect$$libinit$$00000004          0x080001c2   Section        0  libinit2.o(.ARM.Collect$$libinit$$00000004)
    .ARM.Collect$$libinit$$0000000A          0x080001c2   Section        0  libinit2.o(.ARM.Collect$$libinit$$0000000A)
    .ARM.Collect$$libinit$$0000000C          0x080001c2   Section        0  libinit2.o(.ARM.Collect$$libinit$$0000000C)
    .ARM.Collect$$libinit$$0000000E          0x080001c2   Section        0  libinit2.o(.ARM.Collect$$libinit$$0000000E)
    .ARM.Collect$$libinit$$00000011          0x080001c2   Section        0  libinit2.o(.ARM.Collect$$libinit$$00000011)
    .ARM.Collect$$libinit$$00000013          0x080001c2   Section        0  libinit2.o(.ARM.Collect$$libinit$$00000013)
    .ARM.Collect$$libinit$$00000015          0x080001c2   Section        0  libinit2.o(.ARM.Collect$$libinit$$00000015)
    .ARM.Collect$$libinit$$00000017          0x080001c2   Section        0  libinit2.o(.ARM.Collect$$libinit$$00000017)
    .ARM.Collect$$libinit$$00000019          0x080001c2   Section        0  libinit2.o(.ARM.Collect$$libinit$$00000019)
    .ARM.Collect$$libinit$$0000001B          0x080001c2   Section        0  libinit2.o(.ARM.Collect$$libinit$$0000001B)
    .ARM.Collect$$libinit$$0000001D          0x080001c2   Section        0  libinit2.o(.ARM.Collect$$libinit$$0000001D)
    .ARM.Collect$$libinit$$0000001F          0x080001c2   Section        0  libinit2.o(.ARM.Collect$$libinit$$0000001F)
    .ARM.Collect$$libinit$$00000021          0x080001c2   Section        0  libinit2.o(.ARM.Collect$$libinit$$00000021)
    .ARM.Collect$$libinit$$00000023          0x080001c2   Section        0  libinit2.o(.ARM.Collect$$libinit$$00000023)
    .ARM.Collect$$libinit$$00000025          0x080001c2   Section        0  libinit2.o(.ARM.Collect$$libinit$$00000025)
    .ARM.Collect$$libinit$$0000002C          0x080001c2   Section        0  libinit2.o(.ARM.Collect$$libinit$$0000002C)
    .ARM.Collect$$libinit$$0000002E          0x080001c2   Section        0  libinit2.o(.ARM.Collect$$libinit$$0000002E)
    .ARM.Collect$$libinit$$00000030          0x080001c2   Section        0  libinit2.o(.ARM.Collect$$libinit$$00000030)
    .ARM.Collect$$libinit$$00000032          0x080001c2   Section        0  libinit2.o(.ARM.Collect$$libinit$$00000032)
    .ARM.Collect$$libinit$$00000033          0x080001c2   Section        2  libinit2.o(.ARM.Collect$$libinit$$00000033)
    .ARM.Collect$$libshutdown$$00000000      0x080001c4   Section        2  libshutdown.o(.ARM.Collect$$libshutdown$$00000000)
    .ARM.Collect$$libshutdown$$00000002      0x080001c6   Section        0  libshutdown2.o(.ARM.Collect$$libshutdown$$00000002)
    .ARM.Collect$$libshutdown$$00000004      0x080001c6   Section        0  libshutdown2.o(.ARM.Collect$$libshutdown$$00000004)
    .ARM.Collect$$libshutdown$$00000006      0x080001c6   Section        0  libshutdown2.o(.ARM.Collect$$libshutdown$$00000006)
    .ARM.Collect$$libshutdown$$00000009      0x080001c6   Section        0  libshutdown2.o(.ARM.Collect$$libshutdown$$00000009)
    .ARM.Collect$$libshutdown$$0000000C      0x080001c6   Section        0  libshutdown2.o(.ARM.Collect$$libshutdown$$0000000C)
    .ARM.Collect$$libshutdown$$0000000E      0x080001c6   Section        0  libshutdown2.o(.ARM.Collect$$libshutdown$$0000000E)
    .ARM.Collect$$libshutdown$$00000011      0x080001c6   Section        0  libshutdown2.o(.ARM.Collect$$libshutdown$$00000011)
    .ARM.Collect$$libshutdown$$00000012      0x080001c6   Section        2  libshutdown2.o(.ARM.Collect$$libshutdown$$00000012)
    .ARM.Collect$$rtentry$$00000000          0x080001c8   Section        0  __rtentry.o(.ARM.Collect$$rtentry$$00000000)
    .ARM.Collect$$rtentry$$00000002          0x080001c8   Section        0  __rtentry2.o(.ARM.Collect$$rtentry$$00000002)
    .ARM.Collect$$rtentry$$00000004          0x080001c8   Section        6  __rtentry4.o(.ARM.Collect$$rtentry$$00000004)
    .ARM.Collect$$rtentry$$00000009          0x080001ce   Section        0  __rtentry2.o(.ARM.Collect$$rtentry$$00000009)
    .ARM.Collect$$rtentry$$0000000A          0x080001ce   Section        4  __rtentry2.o(.ARM.Collect$$rtentry$$0000000A)
    .ARM.Collect$$rtentry$$0000000C          0x080001d2   Section        0  __rtentry2.o(.ARM.Collect$$rtentry$$0000000C)
    .ARM.Collect$$rtentry$$0000000D          0x080001d2   Section        8  __rtentry2.o(.ARM.Collect$$rtentry$$0000000D)
    .ARM.Collect$$rtexit$$00000000           0x080001da   Section        2  rtexit.o(.ARM.Collect$$rtexit$$00000000)
    .ARM.Collect$$rtexit$$00000002           0x080001dc   Section        0  rtexit2.o(.ARM.Collect$$rtexit$$00000002)
    .ARM.Collect$$rtexit$$00000003           0x080001dc   Section        4  rtexit2.o(.ARM.Collect$$rtexit$$00000003)
    .ARM.Collect$$rtexit$$00000004           0x080001e0   Section        6  rtexit2.o(.ARM.Collect$$rtexit$$00000004)
    .emb_text                                0x080001e8   Section       32  core_cm3.o(.emb_text)
    .text                                    0x08000208   Section        0  main.o(.text)
    .text                                    0x080009dc   Section        0  stm32f10x_it.o(.text)
    .text                                    0x080009f8   Section        0  system_stm32f10x.o(.text)
    SetSysClockTo72                          0x080009f9   Thumb Code   214  system_stm32f10x.o(.text)
    SetSysClock                              0x08000acf   Thumb Code     8  system_stm32f10x.o(.text)
    .text                                    0x08000bd8   Section        0  led.o(.text)
    .text                                    0x08000c28   Section        0  lcd.o(.text)
    .text                                    0x08004bb8   Section        0  key.o(.text)
    .text                                    0x08004cb4   Section        0  spi.o(.text)
    .text                                    0x08004d94   Section        0  mmc_sd.o(.text)
    .text                                    0x080052b8   Section        0  diskio.o(.text)
    .text                                    0x080053a0   Section        0  ff.o(.text)
    ld_word                                  0x080053a1   Thumb Code    12  ff.o(.text)
    ld_dword                                 0x080053ad   Thumb Code    24  ff.o(.text)
    st_word                                  0x080053c5   Thumb Code    12  ff.o(.text)
    st_dword                                 0x080053d1   Thumb Code    24  ff.o(.text)
    dbc_1st                                  0x080053e9   Thumb Code    12  ff.o(.text)
    dbc_2nd                                  0x080053f5   Thumb Code    12  ff.o(.text)
    tchar2uni                                0x08005401   Thumb Code    76  ff.o(.text)
    put_utf                                  0x0800544d   Thumb Code    66  ff.o(.text)
    sync_window                              0x0800548f   Thumb Code    74  ff.o(.text)
    move_window                              0x080054d9   Thumb Code    52  ff.o(.text)
    sync_fs                                  0x0800550d   Thumb Code   132  ff.o(.text)
    clst2sect                                0x08005591   Thumb Code    26  ff.o(.text)
    get_fat                                  0x080055ab   Thumb Code   224  ff.o(.text)
    put_fat                                  0x0800568b   Thumb Code   312  ff.o(.text)
    remove_chain                             0x080057c3   Thumb Code   154  ff.o(.text)
    create_chain                             0x0800585d   Thumb Code   298  ff.o(.text)
    dir_clear                                0x08005987   Thumb Code    94  ff.o(.text)
    dir_sdi                                  0x080059e5   Thumb Code   154  ff.o(.text)
    dir_next                                 0x08005a7f   Thumb Code   202  ff.o(.text)
    dir_alloc                                0x08005b49   Thumb Code    96  ff.o(.text)
    ld_clust                                 0x08005ba9   Thumb Code    38  ff.o(.text)
    st_clust                                 0x08005bcf   Thumb Code    36  ff.o(.text)
    cmp_lfn                                  0x08005bf3   Thumb Code   148  ff.o(.text)
    pick_lfn                                 0x08005c87   Thumb Code   136  ff.o(.text)
    put_lfn                                  0x08005d0f   Thumb Code   124  ff.o(.text)
    gen_numname                              0x08005d8b   Thumb Code   206  ff.o(.text)
    sum_sfn                                  0x08005e59   Thumb Code    32  ff.o(.text)
    dir_read                                 0x08005e79   Thumb Code   210  ff.o(.text)
    dir_find                                 0x08005f4b   Thumb Code   260  ff.o(.text)
    dir_register                             0x0800604f   Thumb Code   326  ff.o(.text)
    dir_remove                               0x08006195   Thumb Code    96  ff.o(.text)
    get_fileinfo                             0x080061f5   Thumb Code   386  ff.o(.text)
    create_name                              0x08006377   Thumb Code   592  ff.o(.text)
    follow_path                              0x080065c7   Thumb Code   158  ff.o(.text)
    get_ldnumber                             0x08006665   Thumb Code    78  ff.o(.text)
    check_fs                                 0x080066b3   Thumb Code   210  ff.o(.text)
    find_volume                              0x08006785   Thumb Code   158  ff.o(.text)
    mount_volume                             0x08006823   Thumb Code   658  ff.o(.text)
    validate                                 0x08006ab5   Thumb Code    60  ff.o(.text)
    .text                                    0x080077a8   Section        0  ffunicode.o(.text)
    .text                                    0x080078bc   Section        0  iap.o(.text)
    .text                                    0x08007a94   Section        0  delay.o(.text)
    .text                                    0x08007b68   Section        0  usart.o(.text)
    .text                                    0x08007ca8   Section       64  startup_stm32f10x_hd.o(.text)
    .text                                    0x08007ce8   Section        0  stm32f10x_gpio.o(.text)
    .text                                    0x08008044   Section        0  stm32f10x_rcc.o(.text)
    .text                                    0x080083e8   Section        0  stm32f10x_usart.o(.text)
    .text                                    0x080087f0   Section        0  misc.o(.text)
    .text                                    0x080088cc   Section        0  stm32f10x_spi.o(.text)
    .text                                    0x08008bd8   Section        0  stm32f10x_flash.o(.text)
    .text                                    0x08009194   Section        0  malloc.o(.text)
    .text                                    0x08009334   Section        2  use_no_semi_2.o(.text)
    .text                                    0x08009338   Section        0  noretval__2printf.o(.text)
    .text                                    0x08009350   Section        0  _printf_pad.o(.text)
    .text                                    0x0800939e   Section        0  _printf_str.o(.text)
    .text                                    0x080093f0   Section        0  _printf_dec.o(.text)
    .text                                    0x08009468   Section        0  _printf_hex_int.o(.text)
    .text                                    0x080094c0   Section        0  __printf_flags_ss_wp.o(.text)
    .text                                    0x08009648   Section        0  strchr.o(.text)
    .text                                    0x0800965c   Section        0  memcmp.o(.text)
    .text                                    0x080096b4   Section      138  rt_memcpy_v6.o(.text)
    .text                                    0x0800973e   Section      100  rt_memcpy_w.o(.text)
    .text                                    0x080097a2   Section       16  aeabi_memset.o(.text)
    .text                                    0x080097b2   Section       68  rt_memclr.o(.text)
    .text                                    0x080097f6   Section       78  rt_memclr_w.o(.text)
    .text                                    0x08009844   Section        0  heapauxi.o(.text)
    .text                                    0x0800984a   Section        2  use_no_semi.o(.text)
    .text                                    0x0800984c   Section        0  _printf_intcommon.o(.text)
    .text                                    0x080098fe   Section        0  _printf_char.o(.text)
    .text                                    0x0800992c   Section        0  _printf_char_file.o(.text)
    .text                                    0x08009950   Section        0  _printf_char_common.o(.text)
    _printf_input_char                       0x08009951   Thumb Code    10  _printf_char_common.o(.text)
    .text                                    0x08009980   Section        0  ferror.o(.text)
    .text                                    0x08009988   Section       74  sys_stackheap_outer.o(.text)
    .text                                    0x080099d2   Section        0  exit.o(.text)
    .text                                    0x080099e4   Section        8  libspace.o(.text)
    i._is_digit                              0x080099ec   Section        0  __printf_wp.o(i._is_digit)
    x$fpl$dfixu                              0x080099fc   Section       90  dfixu.o(x$fpl$dfixu)
    x$fpl$dfltu                              0x08009a56   Section       38  dflt_clz.o(x$fpl$dfltu)
    x$fpl$dmul                               0x08009a7c   Section      340  dmul.o(x$fpl$dmul)
    x$fpl$dnaninf                            0x08009bd0   Section      156  dnaninf.o(x$fpl$dnaninf)
    x$fpl$dretinf                            0x08009c6c   Section       12  dretinf.o(x$fpl$dretinf)
    .constdata                               0x08009c78   Section     6080  lcd.o(.constdata)
    x$fpl$usenofp                            0x08009c78   Section        0  usenofp.o(x$fpl$usenofp)
    .constdata                               0x0800b438   Section      141  ff.o(.constdata)
    LfnOfs                                   0x0800b438   Data          13  ff.o(.constdata)
    ExCvt                                    0x0800b445   Data         128  ff.o(.constdata)
    .constdata                               0x0800b4c6   Section      942  ffunicode.o(.constdata)
    uc437                                    0x0800b4c6   Data         256  ffunicode.o(.constdata)
    cvt1                                     0x0800b5c6   Data         498  ffunicode.o(.constdata)
    cvt2                                     0x0800b7b8   Data         188  ffunicode.o(.constdata)
    .constdata                               0x0800b874   Section       40  _printf_hex_int.o(.constdata)
    uc_hextab                                0x0800b874   Data          20  _printf_hex_int.o(.constdata)
    lc_hextab                                0x0800b888   Data          20  _printf_hex_int.o(.constdata)
    .constdata                               0x0800b89c   Section       17  __printf_flags_ss_wp.o(.constdata)
    maptable                                 0x0800b89c   Data          17  __printf_flags_ss_wp.o(.constdata)
    .data                                    0x20000000   Section       20  system_stm32f10x.o(.data)
    .data                                    0x20000014   Section        4  lcd.o(.data)
    .data                                    0x20000018   Section        1  key.o(.data)
    key_up                                   0x20000018   Data           1  key.o(.data)
    .data                                    0x20000019   Section        1  mmc_sd.o(.data)
    .data                                    0x2000001c   Section        6  ff.o(.data)
    FatFs                                    0x2000001c   Data           4  ff.o(.data)
    Fsid                                     0x20000020   Data           2  ff.o(.data)
    .data                                    0x20000024   Section        4  iap.o(.data)
    jump_to_app                              0x20000024   Data           4  iap.o(.data)
    .data                                    0x20000028   Section        4  delay.o(.data)
    fac_us                                   0x20000028   Data           1  delay.o(.data)
    fac_ms                                   0x2000002a   Data           2  delay.o(.data)
    .data                                    0x2000002c   Section        6  usart.o(.data)
    .data                                    0x20000032   Section       20  stm32f10x_rcc.o(.data)
    APBAHBPrescTable                         0x20000032   Data          16  stm32f10x_rcc.o(.data)
    ADCPrescTable                            0x20000042   Data           4  stm32f10x_rcc.o(.data)
    .data                                    0x20000048   Section       20  malloc.o(.data)
    .bss                                     0x2000005c   Section      604  main.o(.bss)
    .bss                                     0x200002b8   Section       14  lcd.o(.bss)
    .bss                                     0x200002c6   Section       18  spi.o(.bss)
    .bss                                     0x200002d8   Section      512  ff.o(.bss)
    LfnBuf                                   0x200002d8   Data         512  ff.o(.bss)
    .bss                                     0x200004d8   Section      200  usart.o(.bss)
    .bss                                     0x200005a0   Section    10880  malloc.o(.bss)
    .bss                                     0x20003020   Section       96  libspace.o(.bss)
    HEAP                                     0x20003080   Section      512  startup_stm32f10x_hd.o(HEAP)
    Heap_Mem                                 0x20003080   Data         512  startup_stm32f10x_hd.o(HEAP)
    STACK                                    0x20003280   Section     1024  startup_stm32f10x_hd.o(STACK)
    Stack_Mem                                0x20003280   Data        1024  startup_stm32f10x_hd.o(STACK)
    __initial_sp                             0x20003680   Data           0  startup_stm32f10x_hd.o(STACK)

    Global Symbols

    Symbol Name                              Value     Ov Type        Size  Object(Section)

    BuildAttributes$$THM_ISAv4$P$D$K$B$S$PE$A:L22UL41UL21$X:L11$S22US41US21$IEEE1$IW$USESV6$~STKCKD$USESV7$~SHL$OSPACE$ROPI$EBA8$UX$STANDARDLIB$REQ8$PRES8$EABIv2 0x00000000   Number         0  anon$$obj.o ABSOLUTE
    __ARM_use_no_argv                        0x00000000   Number         0  main.o ABSOLUTE
    _printf_flags                            0x00000000   Number         0  printf_stubs.o ABSOLUTE
    _printf_return_value                     0x00000000   Number         0  printf_stubs.o ABSOLUTE
    _printf_sizespec                         0x00000000   Number         0  printf_stubs.o ABSOLUTE
    _printf_widthprec                        0x00000000   Number         0  printf_stubs.o ABSOLUTE
    __ARM_exceptions_init                     - Undefined Weak Reference
    __alloca_initialize                       - Undefined Weak Reference
    __arm_fini_                               - Undefined Weak Reference
    __arm_preinit_                            - Undefined Weak Reference
    __cpp_initialize__aeabi_                  - Undefined Weak Reference
    __cxa_finalize                            - Undefined Weak Reference
    __rt_locale                               - Undefined Weak Reference
    __sigvec_lookup                           - Undefined Weak Reference
    _atexit_init                              - Undefined Weak Reference
    _call_atexit_fns                          - Undefined Weak Reference
    _clock_init                               - Undefined Weak Reference
    _fp_trap_init                             - Undefined Weak Reference
    _fp_trap_shutdown                         - Undefined Weak Reference
    _get_lc_collate                           - Undefined Weak Reference
    _get_lc_ctype                             - Undefined Weak Reference
    _get_lc_monetary                          - Undefined Weak Reference
    _get_lc_numeric                           - Undefined Weak Reference
    _get_lc_time                              - Undefined Weak Reference
    _getenv_init                              - Undefined Weak Reference
    _handle_redirection                       - Undefined Weak Reference
    _init_alloc                               - Undefined Weak Reference
    _init_user_alloc                          - Undefined Weak Reference
    _initio                                   - Undefined Weak Reference
    _mutex_acquire                            - Undefined Weak Reference
    _mutex_release                            - Undefined Weak Reference
    _printf_mbtowc                            - Undefined Weak Reference
    _printf_truncate_signed                   - Undefined Weak Reference
    _printf_truncate_unsigned                 - Undefined Weak Reference
    _rand_init                                - Undefined Weak Reference
    _signal_finish                            - Undefined Weak Reference
    _signal_init                              - Undefined Weak Reference
    _terminate_alloc                          - Undefined Weak Reference
    _terminate_user_alloc                     - Undefined Weak Reference
    _terminateio                              - Undefined Weak Reference
    __Vectors_Size                           0x00000130   Number         0  startup_stm32f10x_hd.o ABSOLUTE
    __Vectors                                0x08000000   Data           4  startup_stm32f10x_hd.o(RESET)
    __Vectors_End                            0x08000130   Data           0  startup_stm32f10x_hd.o(RESET)
    __main                                   0x08000131   Thumb Code     8  __main.o(!!!main)
    __scatterload                            0x08000139   Thumb Code     0  __scatter.o(!!!scatter)
    __scatterload_rt2                        0x08000139   Thumb Code    44  __scatter.o(!!!scatter)
    __scatterload_rt2_thumb_only             0x08000139   Thumb Code     0  __scatter.o(!!!scatter)
    __scatterload_null                       0x08000147   Thumb Code     0  __scatter.o(!!!scatter)
    __scatterload_copy                       0x0800016d   Thumb Code    26  __scatter_copy.o(!!handler_copy)
    __scatterload_zeroinit                   0x08000189   Thumb Code    28  __scatter_zi.o(!!handler_zi)
    _printf_d                                0x080001a5   Thumb Code     0  _printf_d.o(.ARM.Collect$$_printf_percent$$00000009)
    _printf_percent                          0x080001a5   Thumb Code     0  _printf_percent.o(.ARM.Collect$$_printf_percent$$00000000)
    _printf_u                                0x080001ab   Thumb Code     0  _printf_u.o(.ARM.Collect$$_printf_percent$$0000000A)
    _printf_x                                0x080001b1   Thumb Code     0  _printf_x.o(.ARM.Collect$$_printf_percent$$0000000C)
    _printf_s                                0x080001b7   Thumb Code     0  _printf_s.o(.ARM.Collect$$_printf_percent$$00000014)
    _printf_percent_end                      0x080001bd   Thumb Code     0  _printf_percent_end.o(.ARM.Collect$$_printf_percent$$00000017)
    __rt_lib_init                            0x080001c1   Thumb Code     0  libinit.o(.ARM.Collect$$libinit$$00000000)
    __rt_lib_init_alloca_1                   0x080001c3   Thumb Code     0  libinit2.o(.ARM.Collect$$libinit$$0000002E)
    __rt_lib_init_argv_1                     0x080001c3   Thumb Code     0  libinit2.o(.ARM.Collect$$libinit$$0000002C)
    __rt_lib_init_atexit_1                   0x080001c3   Thumb Code     0  libinit2.o(.ARM.Collect$$libinit$$0000001B)
    __rt_lib_init_clock_1                    0x080001c3   Thumb Code     0  libinit2.o(.ARM.Collect$$libinit$$00000021)
    __rt_lib_init_cpp_1                      0x080001c3   Thumb Code     0  libinit2.o(.ARM.Collect$$libinit$$00000032)
    __rt_lib_init_exceptions_1               0x080001c3   Thumb Code     0  libinit2.o(.ARM.Collect$$libinit$$00000030)
    __rt_lib_init_fp_1                       0x080001c3   Thumb Code     0  libinit2.o(.ARM.Collect$$libinit$$00000002)
    __rt_lib_init_fp_trap_1                  0x080001c3   Thumb Code     0  libinit2.o(.ARM.Collect$$libinit$$0000001F)
    __rt_lib_init_getenv_1                   0x080001c3   Thumb Code     0  libinit2.o(.ARM.Collect$$libinit$$00000023)
    __rt_lib_init_heap_1                     0x080001c3   Thumb Code     0  libinit2.o(.ARM.Collect$$libinit$$0000000A)
    __rt_lib_init_lc_collate_1               0x080001c3   Thumb Code     0  libinit2.o(.ARM.Collect$$libinit$$00000011)
    __rt_lib_init_lc_ctype_1                 0x080001c3   Thumb Code     0  libinit2.o(.ARM.Collect$$libinit$$00000013)
    __rt_lib_init_lc_monetary_1              0x080001c3   Thumb Code     0  libinit2.o(.ARM.Collect$$libinit$$00000015)
    __rt_lib_init_lc_numeric_1               0x080001c3   Thumb Code     0  libinit2.o(.ARM.Collect$$libinit$$00000017)
    __rt_lib_init_lc_time_1                  0x080001c3   Thumb Code     0  libinit2.o(.ARM.Collect$$libinit$$00000019)
    __rt_lib_init_preinit_1                  0x080001c3   Thumb Code     0  libinit2.o(.ARM.Collect$$libinit$$00000004)
    __rt_lib_init_rand_1                     0x080001c3   Thumb Code     0  libinit2.o(.ARM.Collect$$libinit$$0000000E)
    __rt_lib_init_return                     0x080001c3   Thumb Code     0  libinit2.o(.ARM.Collect$$libinit$$00000033)
    __rt_lib_init_signal_1                   0x080001c3   Thumb Code     0  libinit2.o(.ARM.Collect$$libinit$$0000001D)
    __rt_lib_init_stdio_1                    0x080001c3   Thumb Code     0  libinit2.o(.ARM.Collect$$libinit$$00000025)
    __rt_lib_init_user_alloc_1               0x080001c3   Thumb Code     0  libinit2.o(.ARM.Collect$$libinit$$0000000C)
    __rt_lib_shutdown                        0x080001c5   Thumb Code     0  libshutdown.o(.ARM.Collect$$libshutdown$$00000000)
    __rt_lib_shutdown_cpp_1                  0x080001c7   Thumb Code     0  libshutdown2.o(.ARM.Collect$$libshutdown$$00000004)
    __rt_lib_shutdown_fini_1                 0x080001c7   Thumb Code     0  libshutdown2.o(.ARM.Collect$$libshutdown$$00000002)
    __rt_lib_shutdown_fp_trap_1              0x080001c7   Thumb Code     0  libshutdown2.o(.ARM.Collect$$libshutdown$$00000009)
    __rt_lib_shutdown_heap_1                 0x080001c7   Thumb Code     0  libshutdown2.o(.ARM.Collect$$libshutdown$$00000011)
    __rt_lib_shutdown_return                 0x080001c7   Thumb Code     0  libshutdown2.o(.ARM.Collect$$libshutdown$$00000012)
    __rt_lib_shutdown_signal_1               0x080001c7   Thumb Code     0  libshutdown2.o(.ARM.Collect$$libshutdown$$0000000C)
    __rt_lib_shutdown_stdio_1                0x080001c7   Thumb Code     0  libshutdown2.o(.ARM.Collect$$libshutdown$$00000006)
    __rt_lib_shutdown_user_alloc_1           0x080001c7   Thumb Code     0  libshutdown2.o(.ARM.Collect$$libshutdown$$0000000E)
    __rt_entry                               0x080001c9   Thumb Code     0  __rtentry.o(.ARM.Collect$$rtentry$$00000000)
    __rt_entry_presh_1                       0x080001c9   Thumb Code     0  __rtentry2.o(.ARM.Collect$$rtentry$$00000002)
    __rt_entry_sh                            0x080001c9   Thumb Code     0  __rtentry4.o(.ARM.Collect$$rtentry$$00000004)
    __rt_entry_li                            0x080001cf   Thumb Code     0  __rtentry2.o(.ARM.Collect$$rtentry$$0000000A)
    __rt_entry_postsh_1                      0x080001cf   Thumb Code     0  __rtentry2.o(.ARM.Collect$$rtentry$$00000009)
    __rt_entry_main                          0x080001d3   Thumb Code     0  __rtentry2.o(.ARM.Collect$$rtentry$$0000000D)
    __rt_entry_postli_1                      0x080001d3   Thumb Code     0  __rtentry2.o(.ARM.Collect$$rtentry$$0000000C)
    __rt_exit                                0x080001db   Thumb Code     0  rtexit.o(.ARM.Collect$$rtexit$$00000000)
    __rt_exit_ls                             0x080001dd   Thumb Code     0  rtexit2.o(.ARM.Collect$$rtexit$$00000003)
    __rt_exit_prels_1                        0x080001dd   Thumb Code     0  rtexit2.o(.ARM.Collect$$rtexit$$00000002)
    __rt_exit_exit                           0x080001e1   Thumb Code     0  rtexit2.o(.ARM.Collect$$rtexit$$00000004)
    __get_PSP                                0x080001e9   Thumb Code     6  core_cm3.o(.emb_text)
    __set_PSP                                0x080001ef   Thumb Code     6  core_cm3.o(.emb_text)
    __get_MSP                                0x080001f5   Thumb Code     6  core_cm3.o(.emb_text)
    __set_MSP                                0x080001fb   Thumb Code     6  core_cm3.o(.emb_text)
    __REV16                                  0x08000201   Thumb Code     4  core_cm3.o(.emb_text)
    __REVSH                                  0x08000205   Thumb Code     4  core_cm3.o(.emb_text)
    IAP_LoadAndRun                           0x08000209   Thumb Code   572  main.o(.text)
    main                                     0x08000445   Thumb Code  1332  main.o(.text)
    NMI_Handler                              0x080009dd   Thumb Code     2  stm32f10x_it.o(.text)
    HardFault_Handler                        0x080009df   Thumb Code     4  stm32f10x_it.o(.text)
    MemManage_Handler                        0x080009e3   Thumb Code     4  stm32f10x_it.o(.text)
    BusFault_Handler                         0x080009e7   Thumb Code     4  stm32f10x_it.o(.text)
    UsageFault_Handler                       0x080009eb   Thumb Code     4  stm32f10x_it.o(.text)
    SVC_Handler                              0x080009ef   Thumb Code     2  stm32f10x_it.o(.text)
    DebugMon_Handler                         0x080009f1   Thumb Code     2  stm32f10x_it.o(.text)
    PendSV_Handler                           0x080009f3   Thumb Code     2  stm32f10x_it.o(.text)
    SysTick_Handler                          0x080009f5   Thumb Code     2  stm32f10x_it.o(.text)
    SystemInit                               0x08000ad7   Thumb Code    78  system_stm32f10x.o(.text)
    SystemCoreClockUpdate                    0x08000b25   Thumb Code   142  system_stm32f10x.o(.text)
    LED_Init                                 0x08000bd9   Thumb Code    72  led.o(.text)
    LCD_WR_REG                               0x08000c29   Thumb Code    28  lcd.o(.text)
    LCD_WR_DATAX                             0x08000c45   Thumb Code    28  lcd.o(.text)
    opt_delay                                0x08000c61   Thumb Code    14  lcd.o(.text)
    LCD_RD_DATA                              0x08000c6f   Thumb Code    86  lcd.o(.text)
    LCD_WriteReg                             0x08000cc5   Thumb Code    40  lcd.o(.text)
    LCD_ReadReg                              0x08000ced   Thumb Code    16  lcd.o(.text)
    LCD_WriteRAM_Prepare                     0x08000cfd   Thumb Code    12  lcd.o(.text)
    LCD_WriteRAM                             0x08000d09   Thumb Code    28  lcd.o(.text)
    LCD_BGR2RGB                              0x08000d25   Thumb Code    26  lcd.o(.text)
    LCD_SetCursor                            0x08000d3f   Thumb Code   734  lcd.o(.text)
    LCD_ReadPoint                            0x0800101d   Thumb Code   126  lcd.o(.text)
    LCD_DisplayOn                            0x0800109b   Thumb Code    32  lcd.o(.text)
    LCD_DisplayOff                           0x080010bb   Thumb Code    32  lcd.o(.text)
    LCD_Scan_Dir                             0x080010db   Thumb Code   930  lcd.o(.text)
    LCD_DrawPoint                            0x0800147d   Thumb Code    52  lcd.o(.text)
    LCD_Fast_DrawPoint                       0x080014b1   Thumb Code   630  lcd.o(.text)
    LCD_SSD_BackLightSet                     0x08001727   Thumb Code   198  lcd.o(.text)
    LCD_Display_Dir                          0x080017ed   Thumb Code   320  lcd.o(.text)
    LCD_Set_Window                           0x0800192d   Thumb Code   910  lcd.o(.text)
    LCD_Clear                                0x08001cbb   Thumb Code    64  lcd.o(.text)
    LCD_Init                                 0x08001cfb   Thumb Code 10586  lcd.o(.text)
    LCD_Fill                                 0x08004655   Thumb Code   102  lcd.o(.text)
    LCD_Color_Fill                           0x080046bb   Thumb Code   116  lcd.o(.text)
    LCD_DrawLine                             0x0800472f   Thumb Code   176  lcd.o(.text)
    LCD_DrawRectangle                        0x080047df   Thumb Code    60  lcd.o(.text)
    LCD_Draw_Circle                          0x0800481b   Thumb Code   152  lcd.o(.text)
    LCD_ShowChar                             0x080048b3   Thumb Code   298  lcd.o(.text)
    LCD_Pow                                  0x080049dd   Thumb Code    22  lcd.o(.text)
    LCD_ShowNum                              0x080049f3   Thumb Code   148  lcd.o(.text)
    LCD_ShowxNum                             0x08004a87   Thumb Code   190  lcd.o(.text)
    LCD_ShowString                           0x08004b45   Thumb Code   102  lcd.o(.text)
    KEY_Init                                 0x08004bb9   Thumb Code    82  key.o(.text)
    KEY_Scan                                 0x08004c0b   Thumb Code   154  key.o(.text)
    SPI1_ReadWriteByte                       0x08004cb5   Thumb Code    78  spi.o(.text)
    SPI1_Init                                0x08004d03   Thumb Code   108  spi.o(.text)
    SPI1_SetSpeed                            0x08004d6f   Thumb Code    26  spi.o(.text)
    SD_SPI_ReadWriteByte                     0x08004d95   Thumb Code    12  mmc_sd.o(.text)
    SD_SPI_SpeedLow                          0x08004da1   Thumb Code    10  mmc_sd.o(.text)
    SD_SPI_SpeedHigh                         0x08004dab   Thumb Code    10  mmc_sd.o(.text)
    SD_SPI_Init                              0x08004db5   Thumb Code    56  mmc_sd.o(.text)
    SD_DisSelect                             0x08004ded   Thumb Code    16  mmc_sd.o(.text)
    SD_WaitReady                             0x08004dfd   Thumb Code    34  mmc_sd.o(.text)
    SD_Select                                0x08004e1f   Thumb Code    26  mmc_sd.o(.text)
    SD_GetResponse                           0x08004e39   Thumb Code    38  mmc_sd.o(.text)
    SD_RecvData                              0x08004e5f   Thumb Code    56  mmc_sd.o(.text)
    SD_SendBlock                             0x08004e97   Thumb Code    82  mmc_sd.o(.text)
    SD_SendCmd                               0x08004ee9   Thumb Code   120  mmc_sd.o(.text)
    SD_GetCID                                0x08004f61   Thumb Code    42  mmc_sd.o(.text)
    SD_GetCSD                                0x08004f8b   Thumb Code    42  mmc_sd.o(.text)
    SD_GetSectorCount                        0x08004fb5   Thumb Code   118  mmc_sd.o(.text)
    SD_Initialize                            0x0800502b   Thumb Code   398  mmc_sd.o(.text)
    SD_ReadDisk                              0x080051b9   Thumb Code   112  mmc_sd.o(.text)
    SD_WriteDisk                             0x08005229   Thumb Code   140  mmc_sd.o(.text)
    disk_status                              0x080052b9   Thumb Code    22  diskio.o(.text)
    disk_initialize                          0x080052cf   Thumb Code    26  diskio.o(.text)
    disk_read                                0x080052e9   Thumb Code    44  diskio.o(.text)
    disk_write                               0x08005315   Thumb Code    44  diskio.o(.text)
    disk_ioctl                               0x08005341   Thumb Code    92  diskio.o(.text)
    f_mount                                  0x08006af1   Thumb Code    90  ff.o(.text)
    f_open                                   0x08006b4b   Thumb Code   490  ff.o(.text)
    f_read                                   0x08006d35   Thumb Code   358  ff.o(.text)
    f_write                                  0x08006e9b   Thumb Code   466  ff.o(.text)
    f_sync                                   0x0800706d   Thumb Code   114  ff.o(.text)
    f_close                                  0x080070df   Thumb Code    34  ff.o(.text)
    f_lseek                                  0x08007101   Thumb Code   324  ff.o(.text)
    f_opendir                                0x08007245   Thumb Code   108  ff.o(.text)
    f_closedir                               0x080072b1   Thumb Code    24  ff.o(.text)
    f_readdir                                0x080072c9   Thumb Code    78  ff.o(.text)
    f_stat                                   0x08007317   Thumb Code    62  ff.o(.text)
    f_getfree                                0x08007355   Thumb Code   252  ff.o(.text)
    f_truncate                               0x08007451   Thumb Code   144  ff.o(.text)
    f_unlink                                 0x080074e1   Thumb Code   170  ff.o(.text)
    f_mkdir                                  0x0800758b   Thumb Code   256  ff.o(.text)
    f_rename                                 0x0800768b   Thumb Code   282  ff.o(.text)
    ff_uni2oem                               0x080077a9   Thumb Code    58  ffunicode.o(.text)
    ff_oem2uni                               0x080077e3   Thumb Code    38  ffunicode.o(.text)
    ff_wtoupper                              0x08007809   Thumb Code   166  ffunicode.o(.text)
    IAP_EraseFlash                           0x080078bd   Thumb Code    88  iap.o(.text)
    IAP_WriteFlash                           0x08007915   Thumb Code   152  iap.o(.text)
    IAP_JumpToApp                            0x080079ad   Thumb Code    60  iap.o(.text)
    delay_init                               0x08007a95   Thumb Code    50  delay.o(.text)
    delay_us                                 0x08007ac7   Thumb Code    72  delay.o(.text)
    delay_ms                                 0x08007b0f   Thumb Code    72  delay.o(.text)
    _sys_exit                                0x08007b69   Thumb Code     4  usart.o(.text)
    fputc                                    0x08007b6d   Thumb Code    24  usart.o(.text)
    uart_init                                0x08007b85   Thumb Code   152  usart.o(.text)
    USART1_IRQHandler                        0x08007c1d   Thumb Code   122  usart.o(.text)
    Reset_Handler                            0x08007ca9   Thumb Code     8  startup_stm32f10x_hd.o(.text)
    ADC1_2_IRQHandler                        0x08007cc3   Thumb Code     0  startup_stm32f10x_hd.o(.text)
    ADC3_IRQHandler                          0x08007cc3   Thumb Code     0  startup_stm32f10x_hd.o(.text)
    CAN1_RX1_IRQHandler                      0x08007cc3   Thumb Code     0  startup_stm32f10x_hd.o(.text)
    CAN1_SCE_IRQHandler                      0x08007cc3   Thumb Code     0  startup_stm32f10x_hd.o(.text)
    DMA1_Channel1_IRQHandler                 0x08007cc3   Thumb Code     0  startup_stm32f10x_hd.o(.text)
    DMA1_Channel2_IRQHandler                 0x08007cc3   Thumb Code     0  startup_stm32f10x_hd.o(.text)
    DMA1_Channel3_IRQHandler                 0x08007cc3   Thumb Code     0  startup_stm32f10x_hd.o(.text)
    DMA1_Channel4_IRQHandler                 0x08007cc3   Thumb Code     0  startup_stm32f10x_hd.o(.text)
    DMA1_Channel5_IRQHandler                 0x08007cc3   Thumb Code     0  startup_stm32f10x_hd.o(.text)
    DMA1_Channel6_IRQHandler                 0x08007cc3   Thumb Code     0  startup_stm32f10x_hd.o(.text)
    DMA1_Channel7_IRQHandler                 0x08007cc3   Thumb Code     0  startup_stm32f10x_hd.o(.text)
    DMA2_Channel1_IRQHandler                 0x08007cc3   Thumb Code     0  startup_stm32f10x_hd.o(.text)
    DMA2_Channel2_IRQHandler                 0x08007cc3   Thumb Code     0  startup_stm32f10x_hd.o(.text)
    DMA2_Channel3_IRQHandler                 0x08007cc3   Thumb Code     0  startup_stm32f10x_hd.o(.text)
    DMA2_Channel4_5_IRQHandler               0x08007cc3   Thumb Code     0  startup_stm32f10x_hd.o(.text)
    EXTI0_IRQHandler                         0x08007cc3   Thumb Code     0  startup_stm32f10x_hd.o(.text)
    EXTI15_10_IRQHandler                     0x08007cc3   Thumb Code     0  startup_stm32f10x_hd.o(.text)
    EXTI1_IRQHandler                         0x08007cc3   Thumb Code     0  startup_stm32f10x_hd.o(.text)
    EXTI2_IRQHandler                         0x08007cc3   Thumb Code     0  startup_stm32f10x_hd.o(.text)
    EXTI3_IRQHandler                         0x08007cc3   Thumb Code     0  startup_stm32f10x_hd.o(.text)
    EXTI4_IRQHandler                         0x08007cc3   Thumb Code     0  startup_stm32f10x_hd.o(.text)
    EXTI9_5_IRQHandler                       0x08007cc3   Thumb Code     0  startup_stm32f10x_hd.o(.text)
    FLASH_IRQHandler                         0x08007cc3   Thumb Code     0  startup_stm32f10x_hd.o(.text)
    FSMC_IRQHandler                          0x08007cc3   Thumb Code     0  startup_stm32f10x_hd.o(.text)
    I2C1_ER_IRQHandler                       0x08007cc3   Thumb Code     0  startup_stm32f10x_hd.o(.text)
    I2C1_EV_IRQHandler                       0x08007cc3   Thumb Code     0  startup_stm32f10x_hd.o(.text)
    I2C2_ER_IRQHandler                       0x08007cc3   Thumb Code     0  startup_stm32f10x_hd.o(.text)
    I2C2_EV_IRQHandler                       0x08007cc3   Thumb Code     0  startup_stm32f10x_hd.o(.text)
    PVD_IRQHandler                           0x08007cc3   Thumb Code     0  startup_stm32f10x_hd.o(.text)
    RCC_IRQHandler                           0x08007cc3   Thumb Code     0  startup_stm32f10x_hd.o(.text)
    RTCAlarm_IRQHandler                      0x08007cc3   Thumb Code     0  startup_stm32f10x_hd.o(.text)
    RTC_IRQHandler                           0x08007cc3   Thumb Code     0  startup_stm32f10x_hd.o(.text)
    SDIO_IRQHandler                          0x08007cc3   Thumb Code     0  startup_stm32f10x_hd.o(.text)
    SPI1_IRQHandler                          0x08007cc3   Thumb Code     0  startup_stm32f10x_hd.o(.text)
    SPI2_IRQHandler                          0x08007cc3   Thumb Code     0  startup_stm32f10x_hd.o(.text)
    SPI3_IRQHandler                          0x08007cc3   Thumb Code     0  startup_stm32f10x_hd.o(.text)
    TAMPER_IRQHandler                        0x08007cc3   Thumb Code     0  startup_stm32f10x_hd.o(.text)
    TIM1_BRK_IRQHandler                      0x08007cc3   Thumb Code     0  startup_stm32f10x_hd.o(.text)
    TIM1_CC_IRQHandler                       0x08007cc3   Thumb Code     0  startup_stm32f10x_hd.o(.text)
    TIM1_TRG_COM_IRQHandler                  0x08007cc3   Thumb Code     0  startup_stm32f10x_hd.o(.text)
    TIM1_UP_IRQHandler                       0x08007cc3   Thumb Code     0  startup_stm32f10x_hd.o(.text)
    TIM2_IRQHandler                          0x08007cc3   Thumb Code     0  startup_stm32f10x_hd.o(.text)
    TIM3_IRQHandler                          0x08007cc3   Thumb Code     0  startup_stm32f10x_hd.o(.text)
    TIM4_IRQHandler                          0x08007cc3   Thumb Code     0  startup_stm32f10x_hd.o(.text)
    TIM5_IRQHandler                          0x08007cc3   Thumb Code     0  startup_stm32f10x_hd.o(.text)
    TIM6_IRQHandler                          0x08007cc3   Thumb Code     0  startup_stm32f10x_hd.o(.text)
    TIM7_IRQHandler                          0x08007cc3   Thumb Code     0  startup_stm32f10x_hd.o(.text)
    TIM8_BRK_IRQHandler                      0x08007cc3   Thumb Code     0  startup_stm32f10x_hd.o(.text)
    TIM8_CC_IRQHandler                       0x08007cc3   Thumb Code     0  startup_stm32f10x_hd.o(.text)
    TIM8_TRG_COM_IRQHandler                  0x08007cc3   Thumb Code     0  startup_stm32f10x_hd.o(.text)
    TIM8_UP_IRQHandler                       0x08007cc3   Thumb Code     0  startup_stm32f10x_hd.o(.text)
    UART4_IRQHandler                         0x08007cc3   Thumb Code     0  startup_stm32f10x_hd.o(.text)
    UART5_IRQHandler                         0x08007cc3   Thumb Code     0  startup_stm32f10x_hd.o(.text)
    USART2_IRQHandler                        0x08007cc3   Thumb Code     0  startup_stm32f10x_hd.o(.text)
    USART3_IRQHandler                        0x08007cc3   Thumb Code     0  startup_stm32f10x_hd.o(.text)
    USBWakeUp_IRQHandler                     0x08007cc3   Thumb Code     0  startup_stm32f10x_hd.o(.text)
    USB_HP_CAN1_TX_IRQHandler                0x08007cc3   Thumb Code     0  startup_stm32f10x_hd.o(.text)
    USB_LP_CAN1_RX0_IRQHandler               0x08007cc3   Thumb Code     0  startup_stm32f10x_hd.o(.text)
    WWDG_IRQHandler                          0x08007cc3   Thumb Code     0  startup_stm32f10x_hd.o(.text)
    __user_initial_stackheap                 0x08007cc5   Thumb Code     0  startup_stm32f10x_hd.o(.text)
    GPIO_DeInit                              0x08007ce9   Thumb Code   172  stm32f10x_gpio.o(.text)
    GPIO_AFIODeInit                          0x08007d95   Thumb Code    20  stm32f10x_gpio.o(.text)
    GPIO_Init                                0x08007da9   Thumb Code   278  stm32f10x_gpio.o(.text)
    GPIO_StructInit                          0x08007ebf   Thumb Code    16  stm32f10x_gpio.o(.text)
    GPIO_ReadInputDataBit                    0x08007ecf   Thumb Code    18  stm32f10x_gpio.o(.text)
    GPIO_ReadInputData                       0x08007ee1   Thumb Code     8  stm32f10x_gpio.o(.text)
    GPIO_ReadOutputDataBit                   0x08007ee9   Thumb Code    18  stm32f10x_gpio.o(.text)
    GPIO_ReadOutputData                      0x08007efb   Thumb Code     8  stm32f10x_gpio.o(.text)
    GPIO_SetBits                             0x08007f03   Thumb Code     4  stm32f10x_gpio.o(.text)
    GPIO_ResetBits                           0x08007f07   Thumb Code     4  stm32f10x_gpio.o(.text)
    GPIO_WriteBit                            0x08007f0b   Thumb Code    10  stm32f10x_gpio.o(.text)
    GPIO_Write                               0x08007f15   Thumb Code     4  stm32f10x_gpio.o(.text)
    GPIO_PinLockConfig                       0x08007f19   Thumb Code    18  stm32f10x_gpio.o(.text)
    GPIO_EventOutputConfig                   0x08007f2b   Thumb Code    26  stm32f10x_gpio.o(.text)
    GPIO_EventOutputCmd                      0x08007f45   Thumb Code     6  stm32f10x_gpio.o(.text)
    GPIO_PinRemapConfig                      0x08007f4b   Thumb Code   138  stm32f10x_gpio.o(.text)
    GPIO_EXTILineConfig                      0x08007fd5   Thumb Code    66  stm32f10x_gpio.o(.text)
    GPIO_ETH_MediaInterfaceConfig            0x08008017   Thumb Code     8  stm32f10x_gpio.o(.text)
    RCC_DeInit                               0x08008045   Thumb Code    64  stm32f10x_rcc.o(.text)
    RCC_HSEConfig                            0x08008085   Thumb Code    70  stm32f10x_rcc.o(.text)
    RCC_GetFlagStatus                        0x080080cb   Thumb Code    56  stm32f10x_rcc.o(.text)
    RCC_WaitForHSEStartUp                    0x08008103   Thumb Code    56  stm32f10x_rcc.o(.text)
    RCC_AdjustHSICalibrationValue            0x0800813b   Thumb Code    20  stm32f10x_rcc.o(.text)
    RCC_HSICmd                               0x0800814f   Thumb Code     6  stm32f10x_rcc.o(.text)
    RCC_PLLConfig                            0x08008155   Thumb Code    24  stm32f10x_rcc.o(.text)
    RCC_PLLCmd                               0x0800816d   Thumb Code     6  stm32f10x_rcc.o(.text)
    RCC_SYSCLKConfig                         0x08008173   Thumb Code    18  stm32f10x_rcc.o(.text)
    RCC_GetSYSCLKSource                      0x08008185   Thumb Code    10  stm32f10x_rcc.o(.text)
    RCC_HCLKConfig                           0x0800818f   Thumb Code    18  stm32f10x_rcc.o(.text)
    RCC_PCLK1Config                          0x080081a1   Thumb Code    18  stm32f10x_rcc.o(.text)
    RCC_PCLK2Config                          0x080081b3   Thumb Code    20  stm32f10x_rcc.o(.text)
    RCC_ITConfig                             0x080081c7   Thumb Code    26  stm32f10x_rcc.o(.text)
    RCC_USBCLKConfig                         0x080081e1   Thumb Code     8  stm32f10x_rcc.o(.text)
    RCC_ADCCLKConfig                         0x080081e9   Thumb Code    18  stm32f10x_rcc.o(.text)
    RCC_LSEConfig                            0x080081fb   Thumb Code    50  stm32f10x_rcc.o(.text)
    RCC_LSICmd                               0x0800822d   Thumb Code     6  stm32f10x_rcc.o(.text)
    RCC_RTCCLKConfig                         0x08008233   Thumb Code    12  stm32f10x_rcc.o(.text)
    RCC_RTCCLKCmd                            0x0800823f   Thumb Code     8  stm32f10x_rcc.o(.text)
    RCC_GetClocksFreq                        0x08008247   Thumb Code   192  stm32f10x_rcc.o(.text)
    RCC_AHBPeriphClockCmd                    0x08008307   Thumb Code    26  stm32f10x_rcc.o(.text)
    RCC_APB2PeriphClockCmd                   0x08008321   Thumb Code    26  stm32f10x_rcc.o(.text)
    RCC_APB1PeriphClockCmd                   0x0800833b   Thumb Code    26  stm32f10x_rcc.o(.text)
    RCC_APB2PeriphResetCmd                   0x08008355   Thumb Code    26  stm32f10x_rcc.o(.text)
    RCC_APB1PeriphResetCmd                   0x0800836f   Thumb Code    26  stm32f10x_rcc.o(.text)
    RCC_BackupResetCmd                       0x08008389   Thumb Code     8  stm32f10x_rcc.o(.text)
    RCC_ClockSecuritySystemCmd               0x08008391   Thumb Code     6  stm32f10x_rcc.o(.text)
    RCC_MCOConfig                            0x08008397   Thumb Code     6  stm32f10x_rcc.o(.text)
    RCC_ClearFlag                            0x0800839d   Thumb Code    14  stm32f10x_rcc.o(.text)
    RCC_GetITStatus                          0x080083ab   Thumb Code    20  stm32f10x_rcc.o(.text)
    RCC_ClearITPendingBit                    0x080083bf   Thumb Code     6  stm32f10x_rcc.o(.text)
    USART_DeInit                             0x080083e9   Thumb Code   134  stm32f10x_usart.o(.text)
    USART_Init                               0x0800846f   Thumb Code   210  stm32f10x_usart.o(.text)
    USART_StructInit                         0x08008541   Thumb Code    24  stm32f10x_usart.o(.text)
    USART_ClockInit                          0x08008559   Thumb Code    34  stm32f10x_usart.o(.text)
    USART_ClockStructInit                    0x0800857b   Thumb Code    12  stm32f10x_usart.o(.text)
    USART_Cmd                                0x08008587   Thumb Code    24  stm32f10x_usart.o(.text)
    USART_ITConfig                           0x0800859f   Thumb Code    74  stm32f10x_usart.o(.text)
    USART_DMACmd                             0x080085e9   Thumb Code    18  stm32f10x_usart.o(.text)
    USART_SetAddress                         0x080085fb   Thumb Code    18  stm32f10x_usart.o(.text)
    USART_WakeUpConfig                       0x0800860d   Thumb Code    18  stm32f10x_usart.o(.text)
    USART_ReceiverWakeUpCmd                  0x0800861f   Thumb Code    24  stm32f10x_usart.o(.text)
    USART_LINBreakDetectLengthConfig         0x08008637   Thumb Code    18  stm32f10x_usart.o(.text)
    USART_LINCmd                             0x08008649   Thumb Code    24  stm32f10x_usart.o(.text)
    USART_SendData                           0x08008661   Thumb Code     8  stm32f10x_usart.o(.text)
    USART_ReceiveData                        0x08008669   Thumb Code    10  stm32f10x_usart.o(.text)
    USART_SendBreak                          0x08008673   Thumb Code    10  stm32f10x_usart.o(.text)
    USART_SetGuardTime                       0x0800867d   Thumb Code    16  stm32f10x_usart.o(.text)
    USART_SetPrescaler                       0x0800868d   Thumb Code    16  stm32f10x_usart.o(.text)
    USART_SmartCardCmd                       0x0800869d   Thumb Code    24  stm32f10x_usart.o(.text)
    USART_SmartCardNACKCmd                   0x080086b5   Thumb Code    24  stm32f10x_usart.o(.text)
    USART_HalfDuplexCmd                      0x080086cd   Thumb Code    24  stm32f10x_usart.o(.text)
    USART_OverSampling8Cmd                   0x080086e5   Thumb Code    22  stm32f10x_usart.o(.text)
    USART_OneBitMethodCmd                    0x080086fb   Thumb Code    24  stm32f10x_usart.o(.text)
    USART_IrDAConfig                         0x08008713   Thumb Code    18  stm32f10x_usart.o(.text)
    USART_IrDACmd                            0x08008725   Thumb Code    24  stm32f10x_usart.o(.text)
    USART_GetFlagStatus                      0x0800873d   Thumb Code    26  stm32f10x_usart.o(.text)
    USART_ClearFlag                          0x08008757   Thumb Code    18  stm32f10x_usart.o(.text)
    USART_GetITStatus                        0x08008769   Thumb Code    84  stm32f10x_usart.o(.text)
    USART_ClearITPendingBit                  0x080087bd   Thumb Code    52  stm32f10x_usart.o(.text)
    NVIC_PriorityGroupConfig                 0x080087f1   Thumb Code    10  misc.o(.text)
    NVIC_Init                                0x080087fb   Thumb Code   100  misc.o(.text)
    NVIC_SetVectorTable                      0x0800885f   Thumb Code    14  misc.o(.text)
    NVIC_SystemLPConfig                      0x0800886d   Thumb Code    34  misc.o(.text)
    SysTick_CLKSourceConfig                  0x0800888f   Thumb Code    40  misc.o(.text)
    SPI_I2S_DeInit                           0x080088cd   Thumb Code    76  stm32f10x_spi.o(.text)
    SPI_Init                                 0x08008919   Thumb Code    60  stm32f10x_spi.o(.text)
    I2S_Init                                 0x08008955   Thumb Code   226  stm32f10x_spi.o(.text)
    SPI_StructInit                           0x08008a37   Thumb Code    24  stm32f10x_spi.o(.text)
    I2S_StructInit                           0x08008a4f   Thumb Code    20  stm32f10x_spi.o(.text)
    SPI_Cmd                                  0x08008a63   Thumb Code    24  stm32f10x_spi.o(.text)
    I2S_Cmd                                  0x08008a7b   Thumb Code    24  stm32f10x_spi.o(.text)
    SPI_I2S_ITConfig                         0x08008a93   Thumb Code    32  stm32f10x_spi.o(.text)
    SPI_I2S_DMACmd                           0x08008ab3   Thumb Code    18  stm32f10x_spi.o(.text)
    SPI_I2S_SendData                         0x08008ac5   Thumb Code     4  stm32f10x_spi.o(.text)
    SPI_I2S_ReceiveData                      0x08008ac9   Thumb Code     6  stm32f10x_spi.o(.text)
    SPI_NSSInternalSoftwareConfig            0x08008acf   Thumb Code    30  stm32f10x_spi.o(.text)
    SPI_SSOutputCmd                          0x08008aed   Thumb Code    24  stm32f10x_spi.o(.text)
    SPI_DataSizeConfig                       0x08008b05   Thumb Code    18  stm32f10x_spi.o(.text)
    SPI_TransmitCRC                          0x08008b17   Thumb Code    10  stm32f10x_spi.o(.text)
    SPI_CalculateCRC                         0x08008b21   Thumb Code    24  stm32f10x_spi.o(.text)
    SPI_GetCRC                               0x08008b39   Thumb Code    16  stm32f10x_spi.o(.text)
    SPI_GetCRCPolynomial                     0x08008b49   Thumb Code     6  stm32f10x_spi.o(.text)
    SPI_BiDirectionalLineConfig              0x08008b4f   Thumb Code    28  stm32f10x_spi.o(.text)
    SPI_I2S_GetFlagStatus                    0x08008b6b   Thumb Code    18  stm32f10x_spi.o(.text)
    SPI_I2S_ClearFlag                        0x08008b7d   Thumb Code     6  stm32f10x_spi.o(.text)
    SPI_I2S_GetITStatus                      0x08008b83   Thumb Code    52  stm32f10x_spi.o(.text)
    SPI_I2S_ClearITPendingBit                0x08008bb7   Thumb Code    20  stm32f10x_spi.o(.text)
    FLASH_SetLatency                         0x08008bd9   Thumb Code    18  stm32f10x_flash.o(.text)
    FLASH_HalfCycleAccessCmd                 0x08008beb   Thumb Code    22  stm32f10x_flash.o(.text)
    FLASH_PrefetchBufferCmd                  0x08008c01   Thumb Code    22  stm32f10x_flash.o(.text)
    FLASH_Unlock                             0x08008c17   Thumb Code    12  stm32f10x_flash.o(.text)
    FLASH_UnlockBank1                        0x08008c23   Thumb Code    12  stm32f10x_flash.o(.text)
    FLASH_Lock                               0x08008c2f   Thumb Code    14  stm32f10x_flash.o(.text)
    FLASH_LockBank1                          0x08008c3d   Thumb Code    14  stm32f10x_flash.o(.text)
    FLASH_GetBank1Status                     0x08008c4b   Thumb Code    48  stm32f10x_flash.o(.text)
    FLASH_WaitForLastOperation               0x08008c7b   Thumb Code    38  stm32f10x_flash.o(.text)
    FLASH_ErasePage                          0x08008ca1   Thumb Code    72  stm32f10x_flash.o(.text)
    FLASH_EraseAllPages                      0x08008ce9   Thumb Code    68  stm32f10x_flash.o(.text)
    FLASH_WaitForLastBank1Operation          0x08008d2d   Thumb Code    38  stm32f10x_flash.o(.text)
    FLASH_EraseAllBank1Pages                 0x08008d53   Thumb Code    68  stm32f10x_flash.o(.text)
    FLASH_GetReadOutProtectionStatus         0x08008d97   Thumb Code    20  stm32f10x_flash.o(.text)
    FLASH_EraseOptionBytes                   0x08008dab   Thumb Code   150  stm32f10x_flash.o(.text)
    FLASH_ProgramWord                        0x08008e41   Thumb Code   102  stm32f10x_flash.o(.text)
    FLASH_ProgramHalfWord                    0x08008ea7   Thumb Code    60  stm32f10x_flash.o(.text)
    FLASH_ProgramOptionByteData              0x08008ee3   Thumb Code    72  stm32f10x_flash.o(.text)
    FLASH_EnableWriteProtection              0x08008f2b   Thumb Code   200  stm32f10x_flash.o(.text)
    FLASH_ReadOutProtection                  0x08008ff3   Thumb Code   156  stm32f10x_flash.o(.text)
    FLASH_UserOptionByteConfig               0x0800908f   Thumb Code    88  stm32f10x_flash.o(.text)
    FLASH_GetUserOptionByte                  0x080090e7   Thumb Code     8  stm32f10x_flash.o(.text)
    FLASH_GetWriteProtectionOptionByte       0x080090ef   Thumb Code     6  stm32f10x_flash.o(.text)
    FLASH_GetPrefetchBufferStatus            0x080090f5   Thumb Code    20  stm32f10x_flash.o(.text)
    FLASH_ITConfig                           0x08009109   Thumb Code    26  stm32f10x_flash.o(.text)
    FLASH_GetFlagStatus                      0x08009123   Thumb Code    42  stm32f10x_flash.o(.text)
    FLASH_ClearFlag                          0x0800914d   Thumb Code     6  stm32f10x_flash.o(.text)
    FLASH_GetStatus                          0x08009153   Thumb Code    48  stm32f10x_flash.o(.text)
    mymemcpy                                 0x08009195   Thumb Code    26  malloc.o(.text)
    mymemset                                 0x080091af   Thumb Code    20  malloc.o(.text)
    mem_init                                 0x080091c3   Thumb Code    38  malloc.o(.text)
    mem_perused                              0x080091e9   Thumb Code    42  malloc.o(.text)
    mem_malloc                               0x08009213   Thumb Code   116  malloc.o(.text)
    mem_free                                 0x08009287   Thumb Code    66  malloc.o(.text)
    myfree                                   0x080092c9   Thumb Code    24  malloc.o(.text)
    mymalloc                                 0x080092e1   Thumb Code    28  malloc.o(.text)
    myrealloc                                0x080092fd   Thumb Code    50  malloc.o(.text)
    __use_no_semihosting                     0x08009335   Thumb Code     2  use_no_semi_2.o(.text)
    __2printf                                0x08009339   Thumb Code    20  noretval__2printf.o(.text)
    _printf_pre_padding                      0x08009351   Thumb Code    44  _printf_pad.o(.text)
    _printf_post_padding                     0x0800937d   Thumb Code    34  _printf_pad.o(.text)
    _printf_str                              0x0800939f   Thumb Code    82  _printf_str.o(.text)
    _printf_int_dec                          0x080093f1   Thumb Code   104  _printf_dec.o(.text)
    _printf_int_hex                          0x08009469   Thumb Code    84  _printf_hex_int.o(.text)
    _printf_longlong_hex                     0x08009469   Thumb Code     0  _printf_hex_int.o(.text)
    __printf                                 0x080094c1   Thumb Code   388  __printf_flags_ss_wp.o(.text)
    strchr                                   0x08009649   Thumb Code    20  strchr.o(.text)
    memcmp                                   0x0800965d   Thumb Code    88  memcmp.o(.text)
    __aeabi_memcpy                           0x080096b5   Thumb Code     0  rt_memcpy_v6.o(.text)
    __rt_memcpy                              0x080096b5   Thumb Code   138  rt_memcpy_v6.o(.text)
    _memcpy_lastbytes                        0x0800971b   Thumb Code     0  rt_memcpy_v6.o(.text)
    __aeabi_memcpy4                          0x0800973f   Thumb Code     0  rt_memcpy_w.o(.text)
    __aeabi_memcpy8                          0x0800973f   Thumb Code     0  rt_memcpy_w.o(.text)
    __rt_memcpy_w                            0x0800973f   Thumb Code   100  rt_memcpy_w.o(.text)
    _memcpy_lastbytes_aligned                0x08009787   Thumb Code     0  rt_memcpy_w.o(.text)
    __aeabi_memset                           0x080097a3   Thumb Code    16  aeabi_memset.o(.text)
    __aeabi_memclr                           0x080097b3   Thumb Code     0  rt_memclr.o(.text)
    __rt_memclr                              0x080097b3   Thumb Code    68  rt_memclr.o(.text)
    _memset                                  0x080097b7   Thumb Code     0  rt_memclr.o(.text)
    __aeabi_memclr4                          0x080097f7   Thumb Code     0  rt_memclr_w.o(.text)
    __aeabi_memclr8                          0x080097f7   Thumb Code     0  rt_memclr_w.o(.text)
    __rt_memclr_w                            0x080097f7   Thumb Code    78  rt_memclr_w.o(.text)
    _memset_w                                0x080097fb   Thumb Code     0  rt_memclr_w.o(.text)
    __use_two_region_memory                  0x08009845   Thumb Code     2  heapauxi.o(.text)
    __rt_heap_escrow$2region                 0x08009847   Thumb Code     2  heapauxi.o(.text)
    __rt_heap_expand$2region                 0x08009849   Thumb Code     2  heapauxi.o(.text)
    __I$use$semihosting                      0x0800984b   Thumb Code     0  use_no_semi.o(.text)
    __use_no_semihosting_swi                 0x0800984b   Thumb Code     2  use_no_semi.o(.text)
    _printf_int_common                       0x0800984d   Thumb Code   178  _printf_intcommon.o(.text)
    _printf_cs_common                        0x080098ff   Thumb Code    20  _printf_char.o(.text)
    _printf_char                             0x08009913   Thumb Code    16  _printf_char.o(.text)
    _printf_string                           0x08009923   Thumb Code     8  _printf_char.o(.text)
    _printf_char_file                        0x0800992d   Thumb Code    32  _printf_char_file.o(.text)
    _printf_char_common                      0x0800995b   Thumb Code    32  _printf_char_common.o(.text)
    ferror                                   0x08009981   Thumb Code     8  ferror.o(.text)
    __user_setup_stackheap                   0x08009989   Thumb Code    74  sys_stackheap_outer.o(.text)
    exit                                     0x080099d3   Thumb Code    18  exit.o(.text)
    __user_libspace                          0x080099e5   Thumb Code     8  libspace.o(.text)
    __user_perproc_libspace                  0x080099e5   Thumb Code     0  libspace.o(.text)
    __user_perthread_libspace                0x080099e5   Thumb Code     0  libspace.o(.text)
    _is_digit                                0x080099ed   Thumb Code    14  __printf_wp.o(i._is_digit)
    __aeabi_d2uiz                            0x080099fd   Thumb Code     0  dfixu.o(x$fpl$dfixu)
    _dfixu                                   0x080099fd   Thumb Code    90  dfixu.o(x$fpl$dfixu)
    __aeabi_ui2d                             0x08009a57   Thumb Code     0  dflt_clz.o(x$fpl$dfltu)
    _dfltu                                   0x08009a57   Thumb Code    38  dflt_clz.o(x$fpl$dfltu)
    __aeabi_dmul                             0x08009a7d   Thumb Code     0  dmul.o(x$fpl$dmul)
    _dmul                                    0x08009a7d   Thumb Code   332  dmul.o(x$fpl$dmul)
    __fpl_dnaninf                            0x08009bd1   Thumb Code   156  dnaninf.o(x$fpl$dnaninf)
    __fpl_dretinf                            0x08009c6d   Thumb Code    12  dretinf.o(x$fpl$dretinf)
    __I$use$fp                               0x08009c78   Number         0  usenofp.o(x$fpl$usenofp)
    asc2_1206                                0x08009c78   Data        1140  lcd.o(.constdata)
    asc2_1608                                0x0800a0ec   Data        1520  lcd.o(.constdata)
    asc2_2412                                0x0800a6dc   Data        3420  lcd.o(.constdata)
    Region$$Table$$Base                      0x0800b8b0   Number         0  anon$$obj.o(Region$$Table)
    Region$$Table$$Limit                     0x0800b8d0   Number         0  anon$$obj.o(Region$$Table)
    SystemCoreClock                          0x20000000   Data           4  system_stm32f10x.o(.data)
    AHBPrescTable                            0x20000004   Data          16  system_stm32f10x.o(.data)
    POINT_COLOR                              0x20000014   Data           2  lcd.o(.data)
    BACK_COLOR                               0x20000016   Data           2  lcd.o(.data)
    SD_Type                                  0x20000019   Data           1  mmc_sd.o(.data)
    __stdout                                 0x2000002c   Data           4  usart.o(.data)
    USART_RX_STA                             0x20000030   Data           2  usart.o(.data)
    mallco_dev                               0x20000048   Data          20  malloc.o(.data)
    fs                                       0x2000005c   Data         564  main.o(.bss)
    fil                                      0x20000290   Data          40  main.o(.bss)
    lcddev                                   0x200002b8   Data          14  lcd.o(.bss)
    SPI_InitStructure                        0x200002c6   Data          18  spi.o(.bss)
    USART_RX_BUF                             0x200004d8   Data         200  usart.o(.bss)
    membase                                  0x200005a0   Data       10240  malloc.o(.bss)
    memmapbase                               0x20002da0   Data         640  malloc.o(.bss)
    __libspace_start                         0x20003020   Data          96  libspace.o(.bss)
    __temporary_stack_top$libspace           0x20003080   Data           0  libspace.o(.bss)



==============================================================================

Memory Map of the image

  Image Entry point : 0x08000131

  Load Region LR_IROM1 (Base: 0x08000000, Size: 0x0000b92c, Max: 0x00040000, ABSOLUTE)

    Execution Region ER_IROM1 (Exec base: 0x08000000, Load base: 0x08000000, Size: 0x0000b8d0, Max: 0x00040000, ABSOLUTE)

    Exec Addr    Load Addr    Size         Type   Attr      Idx    E Section Name        Object

    0x08000000   0x08000000   0x00000130   Data   RO          432    RESET               startup_stm32f10x_hd.o
    0x08000130   0x08000130   0x00000008   Code   RO          609  * !!!main             c_w.l(__main.o)
    0x08000138   0x08000138   0x00000034   Code   RO          798    !!!scatter          c_w.l(__scatter.o)
    0x0800016c   0x0800016c   0x0000001a   Code   RO          800    !!handler_copy      c_w.l(__scatter_copy.o)
    0x08000186   0x08000186   0x00000002   PAD
    0x08000188   0x08000188   0x0000001c   Code   RO          802    !!handler_zi        c_w.l(__scatter_zi.o)
    0x080001a4   0x080001a4   0x00000000   Code   RO          592    .ARM.Collect$$_printf_percent$$00000000  c_w.l(_printf_percent.o)
    0x080001a4   0x080001a4   0x00000006   Code   RO          590    .ARM.Collect$$_printf_percent$$00000009  c_w.l(_printf_d.o)
    0x080001aa   0x080001aa   0x00000006   Code   RO          591    .ARM.Collect$$_printf_percent$$0000000A  c_w.l(_printf_u.o)
    0x080001b0   0x080001b0   0x00000006   Code   RO          589    .ARM.Collect$$_printf_percent$$0000000C  c_w.l(_printf_x.o)
    0x080001b6   0x080001b6   0x00000006   Code   RO          588    .ARM.Collect$$_printf_percent$$00000014  c_w.l(_printf_s.o)
    0x080001bc   0x080001bc   0x00000004   Code   RO          632    .ARM.Collect$$_printf_percent$$00000017  c_w.l(_printf_percent_end.o)
    0x080001c0   0x080001c0   0x00000002   Code   RO          670    .ARM.Collect$$libinit$$00000000  c_w.l(libinit.o)
    0x080001c2   0x080001c2   0x00000000   Code   RO          677    .ARM.Collect$$libinit$$00000002  c_w.l(libinit2.o)
    0x080001c2   0x080001c2   0x00000000   Code   RO          679    .ARM.Collect$$libinit$$00000004  c_w.l(libinit2.o)
    0x080001c2   0x080001c2   0x00000000   Code   RO          682    .ARM.Collect$$libinit$$0000000A  c_w.l(libinit2.o)
    0x080001c2   0x080001c2   0x00000000   Code   RO          684    .ARM.Collect$$libinit$$0000000C  c_w.l(libinit2.o)
    0x080001c2   0x080001c2   0x00000000   Code   RO          686    .ARM.Collect$$libinit$$0000000E  c_w.l(libinit2.o)
    0x080001c2   0x080001c2   0x00000000   Code   RO          689    .ARM.Collect$$libinit$$00000011  c_w.l(libinit2.o)
    0x080001c2   0x080001c2   0x00000000   Code   RO          691    .ARM.Collect$$libinit$$00000013  c_w.l(libinit2.o)
    0x080001c2   0x080001c2   0x00000000   Code   RO          693    .ARM.Collect$$libinit$$00000015  c_w.l(libinit2.o)
    0x080001c2   0x080001c2   0x00000000   Code   RO          695    .ARM.Collect$$libinit$$00000017  c_w.l(libinit2.o)
    0x080001c2   0x080001c2   0x00000000   Code   RO          697    .ARM.Collect$$libinit$$00000019  c_w.l(libinit2.o)
    0x080001c2   0x080001c2   0x00000000   Code   RO          699    .ARM.Collect$$libinit$$0000001B  c_w.l(libinit2.o)
    0x080001c2   0x080001c2   0x00000000   Code   RO          701    .ARM.Collect$$libinit$$0000001D  c_w.l(libinit2.o)
    0x080001c2   0x080001c2   0x00000000   Code   RO          703    .ARM.Collect$$libinit$$0000001F  c_w.l(libinit2.o)
    0x080001c2   0x080001c2   0x00000000   Code   RO          705    .ARM.Collect$$libinit$$00000021  c_w.l(libinit2.o)
    0x080001c2   0x080001c2   0x00000000   Code   RO          707    .ARM.Collect$$libinit$$00000023  c_w.l(libinit2.o)
    0x080001c2   0x080001c2   0x00000000   Code   RO          709    .ARM.Collect$$libinit$$00000025  c_w.l(libinit2.o)
    0x080001c2   0x080001c2   0x00000000   Code   RO          713    .ARM.Collect$$libinit$$0000002C  c_w.l(libinit2.o)
    0x080001c2   0x080001c2   0x00000000   Code   RO          715    .ARM.Collect$$libinit$$0000002E  c_w.l(libinit2.o)
    0x080001c2   0x080001c2   0x00000000   Code   RO          717    .ARM.Collect$$libinit$$00000030  c_w.l(libinit2.o)
    0x080001c2   0x080001c2   0x00000000   Code   RO          719    .ARM.Collect$$libinit$$00000032  c_w.l(libinit2.o)
    0x080001c2   0x080001c2   0x00000002   Code   RO          720    .ARM.Collect$$libinit$$00000033  c_w.l(libinit2.o)
    0x080001c4   0x080001c4   0x00000002   Code   RO          738    .ARM.Collect$$libshutdown$$00000000  c_w.l(libshutdown.o)
    0x080001c6   0x080001c6   0x00000000   Code   RO          748    .ARM.Collect$$libshutdown$$00000002  c_w.l(libshutdown2.o)
    0x080001c6   0x080001c6   0x00000000   Code   RO          750    .ARM.Collect$$libshutdown$$00000004  c_w.l(libshutdown2.o)
    0x080001c6   0x080001c6   0x00000000   Code   RO          752    .ARM.Collect$$libshutdown$$00000006  c_w.l(libshutdown2.o)
    0x080001c6   0x080001c6   0x00000000   Code   RO          755    .ARM.Collect$$libshutdown$$00000009  c_w.l(libshutdown2.o)
    0x080001c6   0x080001c6   0x00000000   Code   RO          758    .ARM.Collect$$libshutdown$$0000000C  c_w.l(libshutdown2.o)
    0x080001c6   0x080001c6   0x00000000   Code   RO          760    .ARM.Collect$$libshutdown$$0000000E  c_w.l(libshutdown2.o)
    0x080001c6   0x080001c6   0x00000000   Code   RO          763    .ARM.Collect$$libshutdown$$00000011  c_w.l(libshutdown2.o)
    0x080001c6   0x080001c6   0x00000002   Code   RO          764    .ARM.Collect$$libshutdown$$00000012  c_w.l(libshutdown2.o)
    0x080001c8   0x080001c8   0x00000000   Code   RO          625    .ARM.Collect$$rtentry$$00000000  c_w.l(__rtentry.o)
    0x080001c8   0x080001c8   0x00000000   Code   RO          639    .ARM.Collect$$rtentry$$00000002  c_w.l(__rtentry2.o)
    0x080001c8   0x080001c8   0x00000006   Code   RO          651    .ARM.Collect$$rtentry$$00000004  c_w.l(__rtentry4.o)
    0x080001ce   0x080001ce   0x00000000   Code   RO          641    .ARM.Collect$$rtentry$$00000009  c_w.l(__rtentry2.o)
    0x080001ce   0x080001ce   0x00000004   Code   RO          642    .ARM.Collect$$rtentry$$0000000A  c_w.l(__rtentry2.o)
    0x080001d2   0x080001d2   0x00000000   Code   RO          644    .ARM.Collect$$rtentry$$0000000C  c_w.l(__rtentry2.o)
    0x080001d2   0x080001d2   0x00000008   Code   RO          645    .ARM.Collect$$rtentry$$0000000D  c_w.l(__rtentry2.o)
    0x080001da   0x080001da   0x00000002   Code   RO          674    .ARM.Collect$$rtexit$$00000000  c_w.l(rtexit.o)
    0x080001dc   0x080001dc   0x00000000   Code   RO          722    .ARM.Collect$$rtexit$$00000002  c_w.l(rtexit2.o)
    0x080001dc   0x080001dc   0x00000004   Code   RO          723    .ARM.Collect$$rtexit$$00000003  c_w.l(rtexit2.o)
    0x080001e0   0x080001e0   0x00000006   Code   RO          724    .ARM.Collect$$rtexit$$00000004  c_w.l(rtexit2.o)
    0x080001e6   0x080001e6   0x00000002   PAD
    0x080001e8   0x080001e8   0x00000020   Code   RO          420    .emb_text           core_cm3.o
    0x08000208   0x08000208   0x000007d4   Code   RO            1    .text               main.o
    0x080009dc   0x080009dc   0x0000001a   Code   RO          148    .text               stm32f10x_it.o
    0x080009f6   0x080009f6   0x00000002   PAD
    0x080009f8   0x080009f8   0x000001e0   Code   RO          189    .text               system_stm32f10x.o
    0x08000bd8   0x08000bd8   0x00000050   Code   RO          207    .text               led.o
    0x08000c28   0x08000c28   0x00003f90   Code   RO          219    .text               lcd.o
    0x08004bb8   0x08004bb8   0x000000fc   Code   RO          249    .text               key.o
    0x08004cb4   0x08004cb4   0x000000e0   Code   RO          262    .text               spi.o
    0x08004d94   0x08004d94   0x00000524   Code   RO          280    .text               mmc_sd.o
    0x080052b8   0x080052b8   0x000000e8   Code   RO          298    .text               diskio.o
    0x080053a0   0x080053a0   0x00002408   Code   RO          313    .text               ff.o
    0x080077a8   0x080077a8   0x00000114   Code   RO          338    .text               ffunicode.o
    0x080078bc   0x080078bc   0x000001d8   Code   RO          352    .text               iap.o
    0x08007a94   0x08007a94   0x000000d4   Code   RO          366    .text               delay.o
    0x08007b68   0x08007b68   0x00000140   Code   RO          397    .text               usart.o
    0x08007ca8   0x08007ca8   0x00000040   Code   RO          433    .text               startup_stm32f10x_hd.o
    0x08007ce8   0x08007ce8   0x0000035c   Code   RO          437    .text               stm32f10x_gpio.o
    0x08008044   0x08008044   0x000003a4   Code   RO          449    .text               stm32f10x_rcc.o
    0x080083e8   0x080083e8   0x00000408   Code   RO          463    .text               stm32f10x_usart.o
    0x080087f0   0x080087f0   0x000000dc   Code   RO          475    .text               misc.o
    0x080088cc   0x080088cc   0x0000030c   Code   RO          487    .text               stm32f10x_spi.o
    0x08008bd8   0x08008bd8   0x000005bc   Code   RO          499    .text               stm32f10x_flash.o
    0x08009194   0x08009194   0x000001a0   Code   RO          511    .text               malloc.o
    0x08009334   0x08009334   0x00000002   Code   RO          533    .text               c_w.l(use_no_semi_2.o)
    0x08009336   0x08009336   0x00000002   PAD
    0x08009338   0x08009338   0x00000018   Code   RO          537    .text               c_w.l(noretval__2printf.o)
    0x08009350   0x08009350   0x0000004e   Code   RO          541    .text               c_w.l(_printf_pad.o)
    0x0800939e   0x0800939e   0x00000052   Code   RO          543    .text               c_w.l(_printf_str.o)
    0x080093f0   0x080093f0   0x00000078   Code   RO          545    .text               c_w.l(_printf_dec.o)
    0x08009468   0x08009468   0x00000058   Code   RO          550    .text               c_w.l(_printf_hex_int.o)
    0x080094c0   0x080094c0   0x00000188   Code   RO          585    .text               c_w.l(__printf_flags_ss_wp.o)
    0x08009648   0x08009648   0x00000014   Code   RO          593    .text               c_w.l(strchr.o)
    0x0800965c   0x0800965c   0x00000058   Code   RO          595    .text               c_w.l(memcmp.o)
    0x080096b4   0x080096b4   0x0000008a   Code   RO          597    .text               c_w.l(rt_memcpy_v6.o)
    0x0800973e   0x0800973e   0x00000064   Code   RO          599    .text               c_w.l(rt_memcpy_w.o)
    0x080097a2   0x080097a2   0x00000010   Code   RO          601    .text               c_w.l(aeabi_memset.o)
    0x080097b2   0x080097b2   0x00000044   Code   RO          603    .text               c_w.l(rt_memclr.o)
    0x080097f6   0x080097f6   0x0000004e   Code   RO          605    .text               c_w.l(rt_memclr_w.o)
    0x08009844   0x08009844   0x00000006   Code   RO          607    .text               c_w.l(heapauxi.o)
    0x0800984a   0x0800984a   0x00000002   Code   RO          623    .text               c_w.l(use_no_semi.o)
    0x0800984c   0x0800984c   0x000000b2   Code   RO          626    .text               c_w.l(_printf_intcommon.o)
    0x080098fe   0x080098fe   0x0000002c   Code   RO          628    .text               c_w.l(_printf_char.o)
    0x0800992a   0x0800992a   0x00000002   PAD
    0x0800992c   0x0800992c   0x00000024   Code   RO          630    .text               c_w.l(_printf_char_file.o)
    0x08009950   0x08009950   0x00000030   Code   RO          653    .text               c_w.l(_printf_char_common.o)
    0x08009980   0x08009980   0x00000008   Code   RO          655    .text               c_w.l(ferror.o)
    0x08009988   0x08009988   0x0000004a   Code   RO          659    .text               c_w.l(sys_stackheap_outer.o)
    0x080099d2   0x080099d2   0x00000012   Code   RO          663    .text               c_w.l(exit.o)
    0x080099e4   0x080099e4   0x00000008   Code   RO          671    .text               c_w.l(libspace.o)
    0x080099ec   0x080099ec   0x0000000e   Code   RO          578    i._is_digit         c_w.l(__printf_wp.o)
    0x080099fa   0x080099fa   0x00000002   PAD
    0x080099fc   0x080099fc   0x0000005a   Code   RO          611    x$fpl$dfixu         fz_ws.l(dfixu.o)
    0x08009a56   0x08009a56   0x00000026   Code   RO          615    x$fpl$dfltu         fz_ws.l(dflt_clz.o)
    0x08009a7c   0x08009a7c   0x00000154   Code   RO          621    x$fpl$dmul          fz_ws.l(dmul.o)
    0x08009bd0   0x08009bd0   0x0000009c   Code   RO          633    x$fpl$dnaninf       fz_ws.l(dnaninf.o)
    0x08009c6c   0x08009c6c   0x0000000c   Code   RO          635    x$fpl$dretinf       fz_ws.l(dretinf.o)
    0x08009c78   0x08009c78   0x00000000   Code   RO          637    x$fpl$usenofp       fz_ws.l(usenofp.o)
    0x08009c78   0x08009c78   0x000017c0   Data   RO          221    .constdata          lcd.o
    0x0800b438   0x0800b438   0x0000008d   Data   RO          315    .constdata          ff.o
    0x0800b4c5   0x0800b4c5   0x00000001   PAD
    0x0800b4c6   0x0800b4c6   0x000003ae   Data   RO          339    .constdata          ffunicode.o
    0x0800b874   0x0800b874   0x00000028   Data   RO          551    .constdata          c_w.l(_printf_hex_int.o)
    0x0800b89c   0x0800b89c   0x00000011   Data   RO          586    .constdata          c_w.l(__printf_flags_ss_wp.o)
    0x0800b8ad   0x0800b8ad   0x00000003   PAD
    0x0800b8b0   0x0800b8b0   0x00000020   Data   RO          796    Region$$Table       anon$$obj.o


    Execution Region RW_IRAM1 (Exec base: 0x20000000, Load base: 0x0800b8d0, Size: 0x00003680, Max: 0x0000c000, ABSOLUTE)

    Exec Addr    Load Addr    Size         Type   Attr      Idx    E Section Name        Object

    0x20000000   0x0800b8d0   0x00000014   Data   RW          190    .data               system_stm32f10x.o
    0x20000014   0x0800b8e4   0x00000004   Data   RW          222    .data               lcd.o
    0x20000018   0x0800b8e8   0x00000001   Data   RW          250    .data               key.o
    0x20000019   0x0800b8e9   0x00000001   Data   RW          281    .data               mmc_sd.o
    0x2000001a   0x0800b8ea   0x00000002   PAD
    0x2000001c   0x0800b8ec   0x00000006   Data   RW          316    .data               ff.o
    0x20000022   0x0800b8f2   0x00000002   PAD
    0x20000024   0x0800b8f4   0x00000004   Data   RW          353    .data               iap.o
    0x20000028   0x0800b8f8   0x00000004   Data   RW          367    .data               delay.o
    0x2000002c   0x0800b8fc   0x00000006   Data   RW          399    .data               usart.o
    0x20000032   0x0800b902   0x00000014   Data   RW          450    .data               stm32f10x_rcc.o
    0x20000046   0x0800b916   0x00000002   PAD
    0x20000048   0x0800b918   0x00000014   Data   RW          514    .data               malloc.o
    0x2000005c        -       0x0000025c   Zero   RW            2    .bss                main.o
    0x200002b8        -       0x0000000e   Zero   RW          220    .bss                lcd.o
    0x200002c6        -       0x00000012   Zero   RW          263    .bss                spi.o
    0x200002d8        -       0x00000200   Zero   RW          314    .bss                ff.o
    0x200004d8        -       0x000000c8   Zero   RW          398    .bss                usart.o
    0x200005a0        -       0x00002a80   Zero   RW          512    .bss                malloc.o
    0x20003020        -       0x00000060   Zero   RW          672    .bss                c_w.l(libspace.o)
    0x20003080        -       0x00000200   Zero   RW          431    HEAP                startup_stm32f10x_hd.o
    0x20003280        -       0x00000400   Zero   RW          430    STACK               startup_stm32f10x_hd.o


==============================================================================

Image component sizes


      Code (inc. data)   RO Data    RW Data    ZI Data      Debug   Object Name

        32          0          0          0          0        512   core_cm3.o
       212         18          0          4          0        999   delay.o
       232          4          0          0          0       3178   diskio.o
      9224         92        141          6        512      41272   ff.o
       276         24        942          0          0       1916   ffunicode.o
       472        172          0          4          0       2174   iap.o
       252         16          0          1          0        816   key.o
     16272        168       6080          4         14      20715   lcd.o
        80          8          0          0          0        475   led.o
      2004       1004          0          0        604     250147   main.o
       416          6          0         20      10880       3897   malloc.o
       220         22          0          0          0       1753   misc.o
      1316         16          0          1          0       5790   mmc_sd.o
       224         12          0          0         18       1249   spi.o
        64         26        304          0       1536        780   startup_stm32f10x_hd.o
      1468         34          0          0          0       8162   stm32f10x_flash.o
       860         38          0          0          0       5689   stm32f10x_gpio.o
        26          0          0          0          0       1158   stm32f10x_it.o
       932         36          0         20          0       8848   stm32f10x_rcc.o
       780         14          0          0          0       6570   stm32f10x_spi.o
      1032         22          0          0          0       8412   stm32f10x_usart.o
         0          0          0          0          0         32   sys.o
       480         38          0         20          0       1671   system_stm32f10x.o
       320         18          0          6        200       3070   usart.o

    ----------------------------------------------------------------------
     37196       1788       7500         92      13764     379285   Object Totals
         0          0         32          0          0          0   (incl. Generated)
         2          0          1          6          0          0   (incl. Padding)

    ----------------------------------------------------------------------

      Code (inc. data)   RO Data    RW Data    ZI Data      Debug   Library Member Name

         8          0          0          0          0         68   __main.o
       392          4         17          0          0         92   __printf_flags_ss_wp.o
        14          0          0          0          0         68   __printf_wp.o
         0          0          0          0          0          0   __rtentry.o
        12          0          0          0          0          0   __rtentry2.o
         6          0          0          0          0          0   __rtentry4.o
        52          8          0          0          0          0   __scatter.o
        26          0          0          0          0          0   __scatter_copy.o
        28          0          0          0          0          0   __scatter_zi.o
        44          0          0          0          0        108   _printf_char.o
        48          6          0          0          0         96   _printf_char_common.o
        36          4          0          0          0         80   _printf_char_file.o
         6          0          0          0          0          0   _printf_d.o
       120         16          0          0          0         92   _printf_dec.o
        88          4         40          0          0         88   _printf_hex_int.o
       178          0          0          0          0         88   _printf_intcommon.o
        78          0          0          0          0        108   _printf_pad.o
         0          0          0          0          0          0   _printf_percent.o
         4          0          0          0          0          0   _printf_percent_end.o
         6          0          0          0          0          0   _printf_s.o
        82          0          0          0          0         80   _printf_str.o
         6          0          0          0          0          0   _printf_u.o
         6          0          0          0          0          0   _printf_x.o
        16          0          0          0          0         68   aeabi_memset.o
        18          0          0          0          0         80   exit.o
         8          0          0          0          0         68   ferror.o
         6          0          0          0          0        152   heapauxi.o
         2          0          0          0          0          0   libinit.o
         2          0          0          0          0          0   libinit2.o
         2          0          0          0          0          0   libshutdown.o
         2          0          0          0          0          0   libshutdown2.o
         8          4          0          0         96         68   libspace.o
        88          0          0          0          0         76   memcmp.o
        24          4          0          0          0         84   noretval__2printf.o
        68          0          0          0          0         68   rt_memclr.o
        78          0          0          0          0         80   rt_memclr_w.o
       138          0          0          0          0         68   rt_memcpy_v6.o
       100          0          0          0          0         80   rt_memcpy_w.o
         2          0          0          0          0          0   rtexit.o
        10          0          0          0          0          0   rtexit2.o
        20          0          0          0          0         68   strchr.o
        74          0          0          0          0         80   sys_stackheap_outer.o
         2          0          0          0          0         68   use_no_semi.o
         2          0          0          0          0         68   use_no_semi_2.o
        90          4          0          0          0         92   dfixu.o
        38          0          0          0          0         68   dflt_clz.o
       340         12          0          0          0        104   dmul.o
       156          4          0          0          0         92   dnaninf.o
        12          0          0          0          0         68   dretinf.o
         0          0          0          0          0          0   usenofp.o

    ----------------------------------------------------------------------
      2556         70         60          0         96       2568   Library Totals
        10          0          3          0          0          0   (incl. Padding)

    ----------------------------------------------------------------------

      Code (inc. data)   RO Data    RW Data    ZI Data      Debug   Library Name

      1910         50         57          0         96       2144   c_w.l
       636         20          0          0          0        424   fz_ws.l

    ----------------------------------------------------------------------
      2556         70         60          0         96       2568   Library Totals

    ----------------------------------------------------------------------

==============================================================================


      Code (inc. data)   RO Data    RW Data    ZI Data      Debug   

     39752       1858       7560         92      13860     378729   Grand Totals
     39752       1858       7560         92      13860     378729   ELF Image Totals
     39752       1858       7560         92          0          0   ROM Totals

==============================================================================

    Total RO  Size (Code + RO Data)                47312 (  46.20kB)
    Total RW  Size (RW Data + ZI Data)             13952 (  13.63kB)
    Total ROM Size (Code + RO Data + RW Data)      47404 (  46.29kB)

==============================================================================

